Yamatsumi Descended!-Wood Enhanced - Forest Protecting God-Mythical

stage 0

545 - Low Fire Ninja @ level 7

This monster will only use basic attacks (or computing enemy skills failed)
547 - Low Water Ninja @ level 7

This monster will only use basic attacks (or computing enemy skills failed)
549 - Low Wood Ninja @ level 7

This monster will only use basic attacks (or computing enemy skills failed)
551 - Low Light Ninja @ level 7

Quick as Lightning
Deal 50% damage

553 - Low Dark Ninja @ level 7

----- HP <= 100 -----
HP <= 100
Smoke Screen
Blind all orbs on the board

stage 1

2307 - Divine Water Messenger, Kappa @ level 7

Out of the way!
Spawn random 10 Jammer orbs, Deal 50% damage
----- Turn 1 -----
Turn 1
Yusui Dish
Water skyfall +15% for 99 turns
----- Turn 2 -----
Turn 2
Salmon Sword
Change 4th column to Water orbs, Deal 150% damage

2309 - Leopard-Spotted Mystery, Furi @ level 7

Riding the Winds
Absorb combo <= 4 damage for 5 turns
----- Turn 1 -----
Turn 1
Mysterious Twig
Deal 160% damage (2 hits, 80% each)
----- HP <= 49 -----
HP <= 49
Begging for Life
Reduce damage from all sources by 50% for 1 turns

stage 2

1527 - High Water Ninja @ level 3

Ninpo - Hide in Mist
Absorb Dark damage for 5 turns
----- HP <= 75 -----
HP <= 75
Alluring Technique
Bind 3 subs for 1~2 turns, Deal 50% damage

1528 - High Wood Ninja @ level 3

Wind Technique Wintry Blast
Blind all orbs on the board, Deal 50% damage
----- HP <= 50 -----
HP <= 50
Sarutobi-Style Sword Draw
Deal 120% damage (6 hits, 20% each)

stage 3

774 - Omega Wood Skydragon, Horai @ level 4

----- HP <= 100 -----
HP <= 100
Preemptive
Deal 40% damage

stage 4

541 - Water Samurai Dragon, Kenshin @ level 7

----- HP <= 100 -----
HP <= 100
Protection of the Pagoda
Voids status ailments for 999 turns

stage 5

1732 - Stormy God-Emperor, Yamato Takeru @ level 3

Celestial Thorn of Chaos
Deal 180% damage
----- Turn 1 -----
Turn 1
God of War Destroying Sword
Deal 300% damage (3 hits, 100% each)
----- HP <= 100 -----
HP <= 100
Flame Slash
Change 3rd row to Fire orbs, Deal 120% damage
----- HP <= 69 -----
HP <= 69
The Sword Kusanagi
Bind Fire cards for 2 turns, Deal 100% damage

stage 6

2549 - Awoken Yamatsumi @ level 3

What are you doing on my grounds!
Voids status ailments for 999 turns
----- Turn 1 -----
Turn 1
Fire Fighting Black Dog
Change Fire to Jammer, Deal 140% damage
----- HP <= 100 -----
HP <= 100
Miracle
Lock 6 random Fire, Water, Wood, Light, Dark orbs, Deal 100% damage
Shower of Blossoms
Deal 105% damage (3 hits, 35% each)
----- HP <= 39 -----
HP <= 39
Amenotamu-zake
Enemy recover 30% hp
----- HP <= 39 -----
HP <= 39
Behold my Magnificent Strength!
Change Random to Water, Deal 160% damage
----- HP <= 19 -----
HP <= 19
Spirit of Kagutsuchi
Player -100% HP
----- HP <= 19 -----
HP <= 19
God of War's Great Strength
Deal 320% damage (2 hits, 160% each)

stage 0

545 - Low Fire Ninja @ level 10

This monster will only use basic attacks (or computing enemy skills failed)
547 - Low Water Ninja @ level 10

This monster will only use basic attacks (or computing enemy skills failed)
549 - Low Wood Ninja @ level 10

This monster will only use basic attacks (or computing enemy skills failed)
551 - Low Light Ninja @ level 10

Quick as Lightning
Deal 50% damage

553 - Low Dark Ninja @ level 10

----- HP <= 100 -----
HP <= 100
Smoke Screen
Blind all orbs on the board

stage 1

2307 - Divine Water Messenger, Kappa @ level 10

Out of the way!
Spawn random 10 Jammer orbs, Deal 50% damage
----- Turn 1 -----
Turn 1
Yusui Dish
Water skyfall +15% for 99 turns
----- Turn 2 -----
Turn 2
Salmon Sword
Change 4th column to Water orbs, Deal 150% damage

2309 - Leopard-Spotted Mystery, Furi @ level 10

Riding the Winds
Absorb combo <= 4 damage for 5 turns
----- Turn 1 -----
Turn 1
Mysterious Twig
Deal 160% damage (2 hits, 80% each)
----- HP <= 49 -----
HP <= 49
Begging for Life
Reduce damage from all sources by 50% for 1 turns

stage 2

1528 - High Wood Ninja @ level 5

Wind Technique Wintry Blast
Blind all orbs on the board, Deal 50% damage
----- HP <= 50 -----
HP <= 50
Sarutobi-Style Sword Draw
Deal 120% damage (6 hits, 20% each)

1527 - High Water Ninja @ level 5

Ninpo - Hide in Mist
Absorb Dark damage for 5 turns
----- HP <= 75 -----
HP <= 75
Alluring Technique
Bind 3 subs for 1~2 turns, Deal 50% damage

stage 3

774 - Omega Wood Skydragon, Horai @ level 6

----- HP <= 100 -----
HP <= 100
Preemptive
Deal 40% damage

stage 4

541 - Water Samurai Dragon, Kenshin @ level 10

----- HP <= 100 -----
HP <= 100
Protection of the Pagoda
Voids status ailments for 999 turns

stage 5

1732 - Stormy God-Emperor, Yamato Takeru @ level 5

Celestial Thorn of Chaos
Deal 180% damage
----- Turn 1 -----
Turn 1
God of War Destroying Sword
Deal 300% damage (3 hits, 100% each)
----- HP <= 100 -----
HP <= 100
Flame Slash
Change 3rd row to Fire orbs, Deal 120% damage
----- HP <= 69 -----
HP <= 69
The Sword Kusanagi
Bind Fire cards for 2 turns, Deal 100% damage

stage 6

2549 - Awoken Yamatsumi @ level 5

What are you doing on my grounds!
Voids status ailments for 999 turns
----- Turn 1 -----
Turn 1
Fire Fighting Black Dog
Change Fire to Jammer, Deal 140% damage
----- HP <= 100 -----
HP <= 100
Miracle
Lock 6 random Fire, Water, Wood, Light, Dark orbs, Deal 100% damage
Shower of Blossoms
Deal 105% damage (3 hits, 35% each)
----- HP <= 39 -----
HP <= 39
Amenotamu-zake
Enemy recover 30% hp
----- HP <= 39 -----
HP <= 39
Behold my Magnificent Strength!
Change Random to Water, Deal 160% damage
----- HP <= 19 -----
HP <= 19
Spirit of Kagutsuchi
Player -100% HP
----- HP <= 19 -----
HP <= 19
God of War's Great Strength
Deal 320% damage (2 hits, 160% each)

Yamatsumi Descended!-Wood Enhanced - Forest Protecting God-Legend

stage 0

545 - Low Fire Ninja @ level 7

This monster will only use basic attacks (or computing enemy skills failed)
547 - Low Water Ninja @ level 7

This monster will only use basic attacks (or computing enemy skills failed)
549 - Low Wood Ninja @ level 7

This monster will only use basic attacks (or computing enemy skills failed)
551 - Low Light Ninja @ level 7

Quick as Lightning
Deal 50% damage

553 - Low Dark Ninja @ level 7

----- HP <= 100 -----
HP <= 100
Smoke Screen
Blind all orbs on the board

stage 1

2307 - Divine Water Messenger, Kappa @ level 7

Out of the way!
Spawn random 10 Jammer orbs, Deal 50% damage
----- Turn 1 -----
Turn 1
Yusui Dish
Water skyfall +15% for 99 turns
----- Turn 2 -----
Turn 2
Salmon Sword
Change 4th column to Water orbs, Deal 150% damage

2309 - Leopard-Spotted Mystery, Furi @ level 7

Riding the Winds
Absorb combo <= 4 damage for 5 turns
----- Turn 1 -----
Turn 1
Mysterious Twig
Deal 160% damage (2 hits, 80% each)
----- HP <= 49 -----
HP <= 49
Begging for Life
Reduce damage from all sources by 50% for 1 turns

stage 2

1527 - High Water Ninja @ level 3

Ninpo - Hide in Mist
Absorb Dark damage for 5 turns
----- HP <= 75 -----
HP <= 75
Alluring Technique
Bind 3 subs for 1~2 turns, Deal 50% damage

1528 - High Wood Ninja @ level 3

Wind Technique Wintry Blast
Blind all orbs on the board, Deal 50% damage
----- HP <= 50 -----
HP <= 50
Sarutobi-Style Sword Draw
Deal 120% damage (6 hits, 20% each)

stage 3

774 - Omega Wood Skydragon, Horai @ level 4

----- HP <= 100 -----
HP <= 100
Preemptive
Deal 40% damage

stage 4

541 - Water Samurai Dragon, Kenshin @ level 7

----- HP <= 100 -----
HP <= 100
Protection of the Pagoda
Voids status ailments for 999 turns

stage 5

1732 - Stormy God-Emperor, Yamato Takeru @ level 3

Celestial Thorn of Chaos
Deal 180% damage
----- Turn 1 -----
Turn 1
God of War Destroying Sword
Deal 300% damage (3 hits, 100% each)
----- HP <= 100 -----
HP <= 100
Flame Slash
Change 3rd row to Fire orbs, Deal 120% damage
----- HP <= 69 -----
HP <= 69
The Sword Kusanagi
Bind Fire cards for 2 turns, Deal 100% damage

stage 6

2549 - Awoken Yamatsumi @ level 3

What are you doing on my grounds!
Voids status ailments for 999 turns
----- Turn 1 -----
Turn 1
Fire Fighting Black Dog
Change Fire to Jammer, Deal 140% damage
----- HP <= 100 -----
HP <= 100
Miracle
Lock 6 random Fire, Water, Wood, Light, Dark orbs, Deal 100% damage
Shower of Blossoms
Deal 105% damage (3 hits, 35% each)
----- HP <= 39 -----
HP <= 39
Amenotamu-zake
Enemy recover 30% hp
----- HP <= 39 -----
HP <= 39
Behold my Magnificent Strength!
Change Random to Water, Deal 160% damage
----- HP <= 19 -----
HP <= 19
Spirit of Kagutsuchi
Player -100% HP
----- HP <= 19 -----
HP <= 19
God of War's Great Strength
Deal 320% damage (2 hits, 160% each)

stage 0

545 - Low Fire Ninja @ level 10

This monster will only use basic attacks (or computing enemy skills failed)
547 - Low Water Ninja @ level 10

This monster will only use basic attacks (or computing enemy skills failed)
549 - Low Wood Ninja @ level 10

This monster will only use basic attacks (or computing enemy skills failed)
551 - Low Light Ninja @ level 10

Quick as Lightning
Deal 50% damage

553 - Low Dark Ninja @ level 10

----- HP <= 100 -----
HP <= 100
Smoke Screen
Blind all orbs on the board

stage 1

2307 - Divine Water Messenger, Kappa @ level 10

Out of the way!
Spawn random 10 Jammer orbs, Deal 50% damage
----- Turn 1 -----
Turn 1
Yusui Dish
Water skyfall +15% for 99 turns
----- Turn 2 -----
Turn 2
Salmon Sword
Change 4th column to Water orbs, Deal 150% damage

2309 - Leopard-Spotted Mystery, Furi @ level 10

Riding the Winds
Absorb combo <= 4 damage for 5 turns
----- Turn 1 -----
Turn 1
Mysterious Twig
Deal 160% damage (2 hits, 80% each)
----- HP <= 49 -----
HP <= 49
Begging for Life
Reduce damage from all sources by 50% for 1 turns

stage 2

1528 - High Wood Ninja @ level 5

Wind Technique Wintry Blast
Blind all orbs on the board, Deal 50% damage
----- HP <= 50 -----
HP <= 50
Sarutobi-Style Sword Draw
Deal 120% damage (6 hits, 20% each)

1527 - High Water Ninja @ level 5

Ninpo - Hide in Mist
Absorb Dark damage for 5 turns
----- HP <= 75 -----
HP <= 75
Alluring Technique
Bind 3 subs for 1~2 turns, Deal 50% damage

stage 3

774 - Omega Wood Skydragon, Horai @ level 6

----- HP <= 100 -----
HP <= 100
Preemptive
Deal 40% damage

stage 4

541 - Water Samurai Dragon, Kenshin @ level 10

----- HP <= 100 -----
HP <= 100
Protection of the Pagoda
Voids status ailments for 999 turns

stage 5

1732 - Stormy God-Emperor, Yamato Takeru @ level 5

Celestial Thorn of Chaos
Deal 180% damage
----- Turn 1 -----
Turn 1
God of War Destroying Sword
Deal 300% damage (3 hits, 100% each)
----- HP <= 100 -----
HP <= 100
Flame Slash
Change 3rd row to Fire orbs, Deal 120% damage
----- HP <= 69 -----
HP <= 69
The Sword Kusanagi
Bind Fire cards for 2 turns, Deal 100% damage

stage 6

2549 - Awoken Yamatsumi @ level 5

What are you doing on my grounds!
Voids status ailments for 999 turns
----- Turn 1 -----
Turn 1
Fire Fighting Black Dog
Change Fire to Jammer, Deal 140% damage
----- HP <= 100 -----
HP <= 100
Miracle
Lock 6 random Fire, Water, Wood, Light, Dark orbs, Deal 100% damage
Shower of Blossoms
Deal 105% damage (3 hits, 35% each)
----- HP <= 39 -----
HP <= 39
Amenotamu-zake
Enemy recover 30% hp
----- HP <= 39 -----
HP <= 39
Behold my Magnificent Strength!
Change Random to Water, Deal 160% damage
----- HP <= 19 -----
HP <= 19
Spirit of Kagutsuchi
Player -100% HP
----- HP <= 19 -----
HP <= 19
God of War's Great Strength
Deal 320% damage (2 hits, 160% each)

