PreDRA Infestation! - Hall of Gift Dragons-Legend

stage 0

2572 - Baby PreDRA @ level 1

This monster will only use basic attacks (or computing enemy skills failed)
stage 1

2299 - Fire PreDRA @ level 1

This monster will only use basic attacks (or missing data for level 1)
2300 - Water PreDRA @ level 1

This monster will only use basic attacks (or missing data for level 1)
2302 - Light PreDRA @ level 1

This monster will only use basic attacks (or missing data for level 1)
2301 - Wood PreDRA @ level 1

This monster will only use basic attacks (or missing data for level 1)
2303 - Dark PreDRA @ level 1

This monster will only use basic attacks (or missing data for level 1)
2572 - Baby PreDRA @ level 1

This monster will only use basic attacks (or computing enemy skills failed)
stage 2

2572 - Baby PreDRA @ level 1

This monster will only use basic attacks (or computing enemy skills failed)
stage 3

2207 - Latent TAMADRA (Imp. HP) @ level 5

Pleased to meet you-TAMA!
Delay active skills by 2 turns
----- HP <= 100 -----
HP <= 100
TAMA!
Deal 1000% damage

2209 - Latent TAMADRA (Imp. RCV) @ level 5

Pleased to meet you-TAMA!
Delay active skills by 2 turns
----- HP <= 100 -----
HP <= 100
TAMA!
Deal 1000% damage

2208 - Latent TAMADRA (Imp. ATK) @ level 5

Pleased to meet you-TAMA!
Delay active skills by 2 turns
----- HP <= 100 -----
HP <= 100
TAMA!
Deal 1000% damage

2210 - Latent TAMADRA (Auto-Heal) @ level 5

Pleased to meet you-TAMA!
Delay active skills by 2 turns
----- HP <= 100 -----
HP <= 100
TAMA!
Deal 1000% damage

2211 - Latent TAMADRA (Ext. Move Time) @ level 5

Pleased to meet you-TAMA!
Delay active skills by 2 turns
----- HP <= 100 -----
HP <= 100
TAMA!
Deal 1000% damage

2213 - Latent TAMADRA (Water Dmg. Red.) @ level 5

Pleased to meet you-TAMA!
Delay active skills by 2 turns
----- HP <= 100 -----
HP <= 100
TAMA!
Deal 1000% damage

2215 - Latent TAMADRA (Light Dmg. Red.) @ level 5

Pleased to meet you-TAMA!
Delay active skills by 2 turns
----- HP <= 100 -----
HP <= 100
TAMA!
Deal 1000% damage

stage 0

2572 - Baby PreDRA @ level 1

This monster will only use basic attacks (or computing enemy skills failed)
stage 1

2299 - Fire PreDRA @ level 1

This monster will only use basic attacks (or missing data for level 1)
2300 - Water PreDRA @ level 1

This monster will only use basic attacks (or missing data for level 1)
2301 - Wood PreDRA @ level 1

This monster will only use basic attacks (or missing data for level 1)
2303 - Dark PreDRA @ level 1

This monster will only use basic attacks (or missing data for level 1)
2302 - Light PreDRA @ level 1

This monster will only use basic attacks (or missing data for level 1)
2572 - Baby PreDRA @ level 1

This monster will only use basic attacks (or computing enemy skills failed)
stage 2

2215 - Latent TAMADRA (Light Dmg. Red.) @ level 7

Pleased to meet you-TAMA!
Delay active skills by 2 turns
----- HP <= 100 -----
HP <= 100
TAMA!
Deal 1000% damage

2216 - Latent TAMADRA (Dark Dmg. Red.) @ level 7

Pleased to meet you-TAMA!
Delay active skills by 2 turns
----- HP <= 100 -----
HP <= 100
TAMA!
Deal 1000% damage

3717 - Latent TAMADRA (Evo Material Killer) @ level 7

Pleased to meet you-TAMA!
Delay active skills by 2 turns
----- HP <= 100 -----
HP <= 100
TAMA!
Deal 1000% damage

3719 - Latent TAMADRA (Enhanced Material Killer) @ level 7

Pleased to meet you-TAMA!
Delay active skills by 2 turns
----- HP <= 100 -----
HP <= 100
TAMA!
Deal 1000% damage

2207 - Latent TAMADRA (Imp. HP) @ level 7

Pleased to meet you-TAMA!
Delay active skills by 2 turns
----- HP <= 100 -----
HP <= 100
TAMA!
Deal 1000% damage

2209 - Latent TAMADRA (Imp. RCV) @ level 7

Pleased to meet you-TAMA!
Delay active skills by 2 turns
----- HP <= 100 -----
HP <= 100
TAMA!
Deal 1000% damage

2211 - Latent TAMADRA (Ext. Move Time) @ level 7

Pleased to meet you-TAMA!
Delay active skills by 2 turns
----- HP <= 100 -----
HP <= 100
TAMA!
Deal 1000% damage

2210 - Latent TAMADRA (Auto-Heal) @ level 7

Pleased to meet you-TAMA!
Delay active skills by 2 turns
----- HP <= 100 -----
HP <= 100
TAMA!
Deal 1000% damage

2212 - Latent TAMADRA (Fire Dmg. Red.) @ level 7

Pleased to meet you-TAMA!
Delay active skills by 2 turns
----- HP <= 100 -----
HP <= 100
TAMA!
Deal 1000% damage

2213 - Latent TAMADRA (Water Dmg. Red.) @ level 7

Pleased to meet you-TAMA!
Delay active skills by 2 turns
----- HP <= 100 -----
HP <= 100
TAMA!
Deal 1000% damage

2214 - Latent TAMADRA (Wood Dmg. Red.) @ level 7

Pleased to meet you-TAMA!
Delay active skills by 2 turns
----- HP <= 100 -----
HP <= 100
TAMA!
Deal 1000% damage

stage 3

2299 - Fire PreDRA @ level 1

This monster will only use basic attacks (or missing data for level 1)
2301 - Wood PreDRA @ level 1

This monster will only use basic attacks (or missing data for level 1)
2302 - Light PreDRA @ level 1

This monster will only use basic attacks (or missing data for level 1)
2303 - Dark PreDRA @ level 1

This monster will only use basic attacks (or missing data for level 1)
2572 - Baby PreDRA @ level 1

This monster will only use basic attacks (or computing enemy skills failed)
stage 4

2207 - Latent TAMADRA (Imp. HP) @ level 7

Pleased to meet you-TAMA!
Delay active skills by 2 turns
----- HP <= 100 -----
HP <= 100
TAMA!
Deal 1000% damage

2208 - Latent TAMADRA (Imp. ATK) @ level 7

Pleased to meet you-TAMA!
Delay active skills by 2 turns
----- HP <= 100 -----
HP <= 100
TAMA!
Deal 1000% damage

2210 - Latent TAMADRA (Auto-Heal) @ level 7

Pleased to meet you-TAMA!
Delay active skills by 2 turns
----- HP <= 100 -----
HP <= 100
TAMA!
Deal 1000% damage

2209 - Latent TAMADRA (Imp. RCV) @ level 7

Pleased to meet you-TAMA!
Delay active skills by 2 turns
----- HP <= 100 -----
HP <= 100
TAMA!
Deal 1000% damage

2212 - Latent TAMADRA (Fire Dmg. Red.) @ level 7

Pleased to meet you-TAMA!
Delay active skills by 2 turns
----- HP <= 100 -----
HP <= 100
TAMA!
Deal 1000% damage

2213 - Latent TAMADRA (Water Dmg. Red.) @ level 7

Pleased to meet you-TAMA!
Delay active skills by 2 turns
----- HP <= 100 -----
HP <= 100
TAMA!
Deal 1000% damage

2214 - Latent TAMADRA (Wood Dmg. Red.) @ level 7

Pleased to meet you-TAMA!
Delay active skills by 2 turns
----- HP <= 100 -----
HP <= 100
TAMA!
Deal 1000% damage

2215 - Latent TAMADRA (Light Dmg. Red.) @ level 7

Pleased to meet you-TAMA!
Delay active skills by 2 turns
----- HP <= 100 -----
HP <= 100
TAMA!
Deal 1000% damage

2216 - Latent TAMADRA (Dark Dmg. Red.) @ level 7

Pleased to meet you-TAMA!
Delay active skills by 2 turns
----- HP <= 100 -----
HP <= 100
TAMA!
Deal 1000% damage

3702 - Latent TAMADRA (Imp. RCV+) @ level 7

Pleased to meet you-TAMA!
Delay active skills by 2 turns
----- HP <= 100 -----
HP <= 100
TAMA!
Deal 1000% damage

PreDRA Infestation! - Hall of Gift Dragons-Master

stage 0

2572 - Baby PreDRA @ level 1

This monster will only use basic attacks (or computing enemy skills failed)
stage 1

2299 - Fire PreDRA @ level 1

This monster will only use basic attacks (or missing data for level 1)
2300 - Water PreDRA @ level 1

This monster will only use basic attacks (or missing data for level 1)
2302 - Light PreDRA @ level 1

This monster will only use basic attacks (or missing data for level 1)
2301 - Wood PreDRA @ level 1

This monster will only use basic attacks (or missing data for level 1)
2303 - Dark PreDRA @ level 1

This monster will only use basic attacks (or missing data for level 1)
2572 - Baby PreDRA @ level 1

This monster will only use basic attacks (or computing enemy skills failed)
stage 2

2572 - Baby PreDRA @ level 1

This monster will only use basic attacks (or computing enemy skills failed)
stage 3

2207 - Latent TAMADRA (Imp. HP) @ level 5

Pleased to meet you-TAMA!
Delay active skills by 2 turns
----- HP <= 100 -----
HP <= 100
TAMA!
Deal 1000% damage

2209 - Latent TAMADRA (Imp. RCV) @ level 5

Pleased to meet you-TAMA!
Delay active skills by 2 turns
----- HP <= 100 -----
HP <= 100
TAMA!
Deal 1000% damage

2208 - Latent TAMADRA (Imp. ATK) @ level 5

Pleased to meet you-TAMA!
Delay active skills by 2 turns
----- HP <= 100 -----
HP <= 100
TAMA!
Deal 1000% damage

2210 - Latent TAMADRA (Auto-Heal) @ level 5

Pleased to meet you-TAMA!
Delay active skills by 2 turns
----- HP <= 100 -----
HP <= 100
TAMA!
Deal 1000% damage

2211 - Latent TAMADRA (Ext. Move Time) @ level 5

Pleased to meet you-TAMA!
Delay active skills by 2 turns
----- HP <= 100 -----
HP <= 100
TAMA!
Deal 1000% damage

2213 - Latent TAMADRA (Water Dmg. Red.) @ level 5

Pleased to meet you-TAMA!
Delay active skills by 2 turns
----- HP <= 100 -----
HP <= 100
TAMA!
Deal 1000% damage

2215 - Latent TAMADRA (Light Dmg. Red.) @ level 5

Pleased to meet you-TAMA!
Delay active skills by 2 turns
----- HP <= 100 -----
HP <= 100
TAMA!
Deal 1000% damage

stage 0

2572 - Baby PreDRA @ level 1

This monster will only use basic attacks (or computing enemy skills failed)
stage 1

2299 - Fire PreDRA @ level 1

This monster will only use basic attacks (or missing data for level 1)
2300 - Water PreDRA @ level 1

This monster will only use basic attacks (or missing data for level 1)
2301 - Wood PreDRA @ level 1

This monster will only use basic attacks (or missing data for level 1)
2303 - Dark PreDRA @ level 1

This monster will only use basic attacks (or missing data for level 1)
2302 - Light PreDRA @ level 1

This monster will only use basic attacks (or missing data for level 1)
2572 - Baby PreDRA @ level 1

This monster will only use basic attacks (or computing enemy skills failed)
stage 2

2215 - Latent TAMADRA (Light Dmg. Red.) @ level 7

Pleased to meet you-TAMA!
Delay active skills by 2 turns
----- HP <= 100 -----
HP <= 100
TAMA!
Deal 1000% damage

2216 - Latent TAMADRA (Dark Dmg. Red.) @ level 7

Pleased to meet you-TAMA!
Delay active skills by 2 turns
----- HP <= 100 -----
HP <= 100
TAMA!
Deal 1000% damage

3717 - Latent TAMADRA (Evo Material Killer) @ level 7

Pleased to meet you-TAMA!
Delay active skills by 2 turns
----- HP <= 100 -----
HP <= 100
TAMA!
Deal 1000% damage

3719 - Latent TAMADRA (Enhanced Material Killer) @ level 7

Pleased to meet you-TAMA!
Delay active skills by 2 turns
----- HP <= 100 -----
HP <= 100
TAMA!
Deal 1000% damage

2207 - Latent TAMADRA (Imp. HP) @ level 7

Pleased to meet you-TAMA!
Delay active skills by 2 turns
----- HP <= 100 -----
HP <= 100
TAMA!
Deal 1000% damage

2209 - Latent TAMADRA (Imp. RCV) @ level 7

Pleased to meet you-TAMA!
Delay active skills by 2 turns
----- HP <= 100 -----
HP <= 100
TAMA!
Deal 1000% damage

2211 - Latent TAMADRA (Ext. Move Time) @ level 7

Pleased to meet you-TAMA!
Delay active skills by 2 turns
----- HP <= 100 -----
HP <= 100
TAMA!
Deal 1000% damage

2210 - Latent TAMADRA (Auto-Heal) @ level 7

Pleased to meet you-TAMA!
Delay active skills by 2 turns
----- HP <= 100 -----
HP <= 100
TAMA!
Deal 1000% damage

2212 - Latent TAMADRA (Fire Dmg. Red.) @ level 7

Pleased to meet you-TAMA!
Delay active skills by 2 turns
----- HP <= 100 -----
HP <= 100
TAMA!
Deal 1000% damage

2213 - Latent TAMADRA (Water Dmg. Red.) @ level 7

Pleased to meet you-TAMA!
Delay active skills by 2 turns
----- HP <= 100 -----
HP <= 100
TAMA!
Deal 1000% damage

2214 - Latent TAMADRA (Wood Dmg. Red.) @ level 7

Pleased to meet you-TAMA!
Delay active skills by 2 turns
----- HP <= 100 -----
HP <= 100
TAMA!
Deal 1000% damage

stage 3

2299 - Fire PreDRA @ level 1

This monster will only use basic attacks (or missing data for level 1)
2301 - Wood PreDRA @ level 1

This monster will only use basic attacks (or missing data for level 1)
2302 - Light PreDRA @ level 1

This monster will only use basic attacks (or missing data for level 1)
2303 - Dark PreDRA @ level 1

This monster will only use basic attacks (or missing data for level 1)
2572 - Baby PreDRA @ level 1

This monster will only use basic attacks (or computing enemy skills failed)
stage 4

2207 - Latent TAMADRA (Imp. HP) @ level 7

Pleased to meet you-TAMA!
Delay active skills by 2 turns
----- HP <= 100 -----
HP <= 100
TAMA!
Deal 1000% damage

2208 - Latent TAMADRA (Imp. ATK) @ level 7

Pleased to meet you-TAMA!
Delay active skills by 2 turns
----- HP <= 100 -----
HP <= 100
TAMA!
Deal 1000% damage

2210 - Latent TAMADRA (Auto-Heal) @ level 7

Pleased to meet you-TAMA!
Delay active skills by 2 turns
----- HP <= 100 -----
HP <= 100
TAMA!
Deal 1000% damage

2209 - Latent TAMADRA (Imp. RCV) @ level 7

Pleased to meet you-TAMA!
Delay active skills by 2 turns
----- HP <= 100 -----
HP <= 100
TAMA!
Deal 1000% damage

2212 - Latent TAMADRA (Fire Dmg. Red.) @ level 7

Pleased to meet you-TAMA!
Delay active skills by 2 turns
----- HP <= 100 -----
HP <= 100
TAMA!
Deal 1000% damage

2213 - Latent TAMADRA (Water Dmg. Red.) @ level 7

Pleased to meet you-TAMA!
Delay active skills by 2 turns
----- HP <= 100 -----
HP <= 100
TAMA!
Deal 1000% damage

2214 - Latent TAMADRA (Wood Dmg. Red.) @ level 7

Pleased to meet you-TAMA!
Delay active skills by 2 turns
----- HP <= 100 -----
HP <= 100
TAMA!
Deal 1000% damage

2215 - Latent TAMADRA (Light Dmg. Red.) @ level 7

Pleased to meet you-TAMA!
Delay active skills by 2 turns
----- HP <= 100 -----
HP <= 100
TAMA!
Deal 1000% damage

2216 - Latent TAMADRA (Dark Dmg. Red.) @ level 7

Pleased to meet you-TAMA!
Delay active skills by 2 turns
----- HP <= 100 -----
HP <= 100
TAMA!
Deal 1000% damage

3702 - Latent TAMADRA (Imp. RCV+) @ level 7

Pleased to meet you-TAMA!
Delay active skills by 2 turns
----- HP <= 100 -----
HP <= 100
TAMA!
Deal 1000% damage

