Tan Infestation! - Secrets to Skill Leveling

stage 0

2723 - Flamtan @ level 1

This monster will only use basic attacks (or missing data for level 1)
2724 - Bubtan @ level 1

This monster will only use basic attacks (or missing data for level 1)
2725 - Woodtan @ level 1

This monster will only use basic attacks (or missing data for level 1)
2726 - Shyntan @ level 1

This monster will only use basic attacks (or missing data for level 1)
2727 - Badtan @ level 1

This monster will only use basic attacks (or missing data for level 1)
stage 1

2725 - Woodtan @ level 1

This monster will only use basic attacks (or missing data for level 1)
2726 - Shyntan @ level 1

This monster will only use basic attacks (or missing data for level 1)
2727 - Badtan @ level 1

This monster will only use basic attacks (or missing data for level 1)
2724 - Bubtan @ level 1

This monster will only use basic attacks (or missing data for level 1)
2723 - Flamtan @ level 1

This monster will only use basic attacks (or missing data for level 1)
stage 2

2723 - Flamtan @ level 1

This monster will only use basic attacks (or missing data for level 1)
2724 - Bubtan @ level 1

This monster will only use basic attacks (or missing data for level 1)
2725 - Woodtan @ level 1

This monster will only use basic attacks (or missing data for level 1)
2726 - Shyntan @ level 1

This monster will only use basic attacks (or missing data for level 1)
2727 - Badtan @ level 1

This monster will only use basic attacks (or missing data for level 1)
stage 3

2724 - Bubtan @ level 1

This monster will only use basic attacks (or missing data for level 1)
2725 - Woodtan @ level 1

This monster will only use basic attacks (or missing data for level 1)
2726 - Shyntan @ level 1

This monster will only use basic attacks (or missing data for level 1)
2727 - Badtan @ level 1

This monster will only use basic attacks (or missing data for level 1)
2723 - Flamtan @ level 1

This monster will only use basic attacks (or missing data for level 1)
