Azazel Descended! - Demonic Gentleman-Legend Plus

stage 0

2313 - Demon-Clawed Monster Cat, Cath Palug @ level 10

Even my meow will destroy!
Deal 100% damage
----- Turn 1 -----
Turn 1
Innate Catastrophe
Blind all orbs on the board, Deal 70% damage
----- Turn 2 -----
Turn 2
Darkside Claw
Change 2nd row to Dark orbs, Deal 150% damage

stage 1

2584 - Aqua Keeper @ level 13

Heavy Raid
Player -80% HP
----- Turn 1 -----
Turn 1
Exhaust Hit
Blind all orbs on the board, Deal 90% damage
Warning
Delay active skills by 1 turns
----- HP <= 100 -----
HP <= 100
Exhaust Hit
Blind all orbs on the board, Deal 90% damage
Seven Smog
Spawn random 7 Poison orbs
Blue Alert
Lock all Water orbs, Deal 110% damage
----- HP <= 49 -----
HP <= 49
Capture Net
Bind 2 random subs for 3 turns
----- HP <= 30 -----
HP <= 30
Killing Code
Deal 300% damage (6 hits, 50% each)

stage 2

3209 - Wood Guardian Dragon, Ouju @ level 10

Immutable Divine Power + Windy Realm of Salvation
Bind awoken skills for 2 turns + Change 2nd, 5th column to Wood orbs, 1st, 6th column to Heal, Jammer orbs, 3rd, 4th column to Fire, Water, Light, Dark orbs
----- Turn 1 -----
Turn 1
Wind God's Lasso
Bind 1 random subs for 3~5 turns
----- Turn 1 -----
Turn 1
Vajra Wind Blade
Change all orbs to Wood, Heal, Jammer, Poison
----- HP <= 100 -----
HP <= 100
Garuda's Slashing Claws
Change 3rd row to Wood orbs, Deal 100% damage
Garuda's Slashing Claws
Change 3rd column to Wood orbs, Deal 100% damage
----- HP <= 49 -----
HP <= 49
Wave of Compassion + Formed the hand sign for "Power"
Bind active skills for 10 turns + Increase damage to 200% for the next 999 turns
----- HP <= 80 -----
HP <= 80
Garuda's Double Palm
Player -99% HP
----- HP <= 20 -----
HP <= 20
Sky Splitting Jetstream
Change 2nd, 4th row to Wood orbs, 1st, 3rd, 5th row to Fire, Water, Light, Dark, Heal orbs, Deal 1000% damage

stage 3

1750 - Red Ring Sorceress, Theurgia @ level 5

Light & Dark Resistance
Reduce damage from Light, Dark by 50%
Solomon's Little Key
Voids status ailments for 999 turns
----- HP <= 100 -----
HP <= 100
Grimoire of Flame
Change Heal to Fire, Deal 50% damage
----- HP <= 74 -----
HP <= 74
Grimoire of Flame
Change Heal to Fire, Deal 50% damage
----- HP <= 75 -----
HP <= 75
Volcanic Smoke
Blind all orbs on the board, Deal 75% damage
----- HP <= 50 -----
HP <= 50
Flame Evocation
Fire skyfall +25% for 99 turns
----- HP <= 30 -----
HP <= 30
Burning Blizzard
Change Random to Fire, Deal 200% damage
Burning Blizzard
Change Random to Water, Deal 200% damage
----- HP <= 30 -----
HP <= 30
Burning Blizzard
Change Random to Water, Deal 200% damage

stage 4

761 - Jester Dragon, Drawn Joker @ level 5

Water/Light/Dark Halved
Reduce damage from Water, Light, Dark by 50%
Toon Bomb + Joker Time!
Spawn random 3 Bomb orbs + Movetime -2s for 10 turns

stage 5

3457 - Lawless Demonic Gentleman, Azazel @ level 5

Fire/Light halved
Reduce damage from Fire, Light by 50%
Fallen Angel's Wings + Scapegoat
Seal 1st row for 4 turns + Voids status ailments for 999 turns
----- HP <= 15 -----
HP <= 15
Nightmare Spiral
Deal 700% damage (7 hits, 100% each)

stage 0

2313 - Demon-Clawed Monster Cat, Cath Palug @ level 13

Even my meow will destroy!
Deal 100% damage
----- Turn 1 -----
Turn 1
Innate Catastrophe
Blind all orbs on the board, Deal 70% damage
----- Turn 2 -----
Turn 2
Darkside Claw
Change 2nd row to Dark orbs, Deal 150% damage

stage 1

2584 - Aqua Keeper @ level 16

Heavy Raid
Player -80% HP
----- Turn 1 -----
Turn 1
Exhaust Hit
Blind all orbs on the board, Deal 90% damage
Warning
Delay active skills by 1 turns
----- HP <= 100 -----
HP <= 100
Exhaust Hit
Blind all orbs on the board, Deal 90% damage
Seven Smog
Spawn random 7 Poison orbs
Blue Alert
Lock all Water orbs, Deal 110% damage
----- HP <= 49 -----
HP <= 49
Capture Net
Bind 2 random subs for 3 turns
----- HP <= 30 -----
HP <= 30
Killing Code
Deal 300% damage (6 hits, 50% each)

stage 2

3209 - Wood Guardian Dragon, Ouju @ level 13

Immutable Divine Power + Windy Realm of Salvation
Bind awoken skills for 2 turns + Change 2nd, 5th column to Wood orbs, 1st, 6th column to Heal, Jammer orbs, 3rd, 4th column to Fire, Water, Light, Dark orbs
----- Turn 1 -----
Turn 1
Wind God's Lasso
Bind 1 random subs for 3~5 turns
----- Turn 1 -----
Turn 1
Vajra Wind Blade
Change all orbs to Wood, Heal, Jammer, Poison
----- HP <= 100 -----
HP <= 100
Garuda's Slashing Claws
Change 3rd row to Wood orbs, Deal 100% damage
Garuda's Slashing Claws
Change 3rd column to Wood orbs, Deal 100% damage
----- HP <= 49 -----
HP <= 49
Wave of Compassion + Formed the hand sign for "Power"
Bind active skills for 10 turns + Increase damage to 200% for the next 999 turns
----- HP <= 80 -----
HP <= 80
Garuda's Double Palm
Player -99% HP
----- HP <= 20 -----
HP <= 20
Sky Splitting Jetstream
Change 2nd, 4th row to Wood orbs, 1st, 3rd, 5th row to Fire, Water, Light, Dark, Heal orbs, Deal 1000% damage

stage 3

1750 - Red Ring Sorceress, Theurgia @ level 7

Light & Dark Resistance
Reduce damage from Light, Dark by 50%
Solomon's Little Key
Voids status ailments for 999 turns
----- HP <= 100 -----
HP <= 100
Grimoire of Flame
Change Heal to Fire, Deal 50% damage
----- HP <= 74 -----
HP <= 74
Grimoire of Flame
Change Heal to Fire, Deal 50% damage
----- HP <= 75 -----
HP <= 75
Volcanic Smoke
Blind all orbs on the board, Deal 75% damage
----- HP <= 50 -----
HP <= 50
Flame Evocation
Fire skyfall +25% for 99 turns
----- HP <= 30 -----
HP <= 30
Burning Blizzard
Change Random to Fire, Deal 200% damage
Burning Blizzard
Change Random to Water, Deal 200% damage
----- HP <= 30 -----
HP <= 30
Burning Blizzard
Change Random to Water, Deal 200% damage

stage 4

761 - Jester Dragon, Drawn Joker @ level 7

Water/Light/Dark Halved
Reduce damage from Water, Light, Dark by 50%
Toon Bomb + Joker Time!
Spawn random 3 Bomb orbs + Movetime -2s for 10 turns

stage 5

3457 - Lawless Demonic Gentleman, Azazel @ level 7

Fire/Light halved
Reduce damage from Fire, Light by 50%
Fallen Angel's Wings + Scapegoat
Seal 1st row for 4 turns + Voids status ailments for 999 turns
----- HP <= 15 -----
HP <= 15
Nightmare Spiral
Deal 700% damage (7 hits, 100% each)

Azazel Descended! - Demonic Gentleman-Mythical

stage 0

2313 - Demon-Clawed Monster Cat, Cath Palug @ level 10

Even my meow will destroy!
Deal 100% damage
----- Turn 1 -----
Turn 1
Innate Catastrophe
Blind all orbs on the board, Deal 70% damage
----- Turn 2 -----
Turn 2
Darkside Claw
Change 2nd row to Dark orbs, Deal 150% damage

stage 1

2584 - Aqua Keeper @ level 13

Heavy Raid
Player -80% HP
----- Turn 1 -----
Turn 1
Exhaust Hit
Blind all orbs on the board, Deal 90% damage
Warning
Delay active skills by 1 turns
----- HP <= 100 -----
HP <= 100
Exhaust Hit
Blind all orbs on the board, Deal 90% damage
Seven Smog
Spawn random 7 Poison orbs
Blue Alert
Lock all Water orbs, Deal 110% damage
----- HP <= 49 -----
HP <= 49
Capture Net
Bind 2 random subs for 3 turns
----- HP <= 30 -----
HP <= 30
Killing Code
Deal 300% damage (6 hits, 50% each)

stage 2

3209 - Wood Guardian Dragon, Ouju @ level 10

Immutable Divine Power + Windy Realm of Salvation
Bind awoken skills for 2 turns + Change 2nd, 5th column to Wood orbs, 1st, 6th column to Heal, Jammer orbs, 3rd, 4th column to Fire, Water, Light, Dark orbs
----- Turn 1 -----
Turn 1
Wind God's Lasso
Bind 1 random subs for 3~5 turns
----- Turn 1 -----
Turn 1
Vajra Wind Blade
Change all orbs to Wood, Heal, Jammer, Poison
----- HP <= 100 -----
HP <= 100
Garuda's Slashing Claws
Change 3rd row to Wood orbs, Deal 100% damage
Garuda's Slashing Claws
Change 3rd column to Wood orbs, Deal 100% damage
----- HP <= 49 -----
HP <= 49
Wave of Compassion + Formed the hand sign for "Power"
Bind active skills for 10 turns + Increase damage to 200% for the next 999 turns
----- HP <= 80 -----
HP <= 80
Garuda's Double Palm
Player -99% HP
----- HP <= 20 -----
HP <= 20
Sky Splitting Jetstream
Change 2nd, 4th row to Wood orbs, 1st, 3rd, 5th row to Fire, Water, Light, Dark, Heal orbs, Deal 1000% damage

stage 3

1750 - Red Ring Sorceress, Theurgia @ level 5

Light & Dark Resistance
Reduce damage from Light, Dark by 50%
Solomon's Little Key
Voids status ailments for 999 turns
----- HP <= 100 -----
HP <= 100
Grimoire of Flame
Change Heal to Fire, Deal 50% damage
----- HP <= 74 -----
HP <= 74
Grimoire of Flame
Change Heal to Fire, Deal 50% damage
----- HP <= 75 -----
HP <= 75
Volcanic Smoke
Blind all orbs on the board, Deal 75% damage
----- HP <= 50 -----
HP <= 50
Flame Evocation
Fire skyfall +25% for 99 turns
----- HP <= 30 -----
HP <= 30
Burning Blizzard
Change Random to Fire, Deal 200% damage
Burning Blizzard
Change Random to Water, Deal 200% damage
----- HP <= 30 -----
HP <= 30
Burning Blizzard
Change Random to Water, Deal 200% damage

stage 4

761 - Jester Dragon, Drawn Joker @ level 5

Water/Light/Dark Halved
Reduce damage from Water, Light, Dark by 50%
Toon Bomb + Joker Time!
Spawn random 3 Bomb orbs + Movetime -2s for 10 turns

stage 5

3457 - Lawless Demonic Gentleman, Azazel @ level 5

Fire/Light halved
Reduce damage from Fire, Light by 50%
Fallen Angel's Wings + Scapegoat
Seal 1st row for 4 turns + Voids status ailments for 999 turns
----- HP <= 15 -----
HP <= 15
Nightmare Spiral
Deal 700% damage (7 hits, 100% each)

stage 0

2313 - Demon-Clawed Monster Cat, Cath Palug @ level 13

Even my meow will destroy!
Deal 100% damage
----- Turn 1 -----
Turn 1
Innate Catastrophe
Blind all orbs on the board, Deal 70% damage
----- Turn 2 -----
Turn 2
Darkside Claw
Change 2nd row to Dark orbs, Deal 150% damage

stage 1

2584 - Aqua Keeper @ level 16

Heavy Raid
Player -80% HP
----- Turn 1 -----
Turn 1
Exhaust Hit
Blind all orbs on the board, Deal 90% damage
Warning
Delay active skills by 1 turns
----- HP <= 100 -----
HP <= 100
Exhaust Hit
Blind all orbs on the board, Deal 90% damage
Seven Smog
Spawn random 7 Poison orbs
Blue Alert
Lock all Water orbs, Deal 110% damage
----- HP <= 49 -----
HP <= 49
Capture Net
Bind 2 random subs for 3 turns
----- HP <= 30 -----
HP <= 30
Killing Code
Deal 300% damage (6 hits, 50% each)

stage 2

3209 - Wood Guardian Dragon, Ouju @ level 13

Immutable Divine Power + Windy Realm of Salvation
Bind awoken skills for 2 turns + Change 2nd, 5th column to Wood orbs, 1st, 6th column to Heal, Jammer orbs, 3rd, 4th column to Fire, Water, Light, Dark orbs
----- Turn 1 -----
Turn 1
Wind God's Lasso
Bind 1 random subs for 3~5 turns
----- Turn 1 -----
Turn 1
Vajra Wind Blade
Change all orbs to Wood, Heal, Jammer, Poison
----- HP <= 100 -----
HP <= 100
Garuda's Slashing Claws
Change 3rd row to Wood orbs, Deal 100% damage
Garuda's Slashing Claws
Change 3rd column to Wood orbs, Deal 100% damage
----- HP <= 49 -----
HP <= 49
Wave of Compassion + Formed the hand sign for "Power"
Bind active skills for 10 turns + Increase damage to 200% for the next 999 turns
----- HP <= 80 -----
HP <= 80
Garuda's Double Palm
Player -99% HP
----- HP <= 20 -----
HP <= 20
Sky Splitting Jetstream
Change 2nd, 4th row to Wood orbs, 1st, 3rd, 5th row to Fire, Water, Light, Dark, Heal orbs, Deal 1000% damage

stage 3

1750 - Red Ring Sorceress, Theurgia @ level 7

Light & Dark Resistance
Reduce damage from Light, Dark by 50%
Solomon's Little Key
Voids status ailments for 999 turns
----- HP <= 100 -----
HP <= 100
Grimoire of Flame
Change Heal to Fire, Deal 50% damage
----- HP <= 74 -----
HP <= 74
Grimoire of Flame
Change Heal to Fire, Deal 50% damage
----- HP <= 75 -----
HP <= 75
Volcanic Smoke
Blind all orbs on the board, Deal 75% damage
----- HP <= 50 -----
HP <= 50
Flame Evocation
Fire skyfall +25% for 99 turns
----- HP <= 30 -----
HP <= 30
Burning Blizzard
Change Random to Fire, Deal 200% damage
Burning Blizzard
Change Random to Water, Deal 200% damage
----- HP <= 30 -----
HP <= 30
Burning Blizzard
Change Random to Water, Deal 200% damage

stage 4

761 - Jester Dragon, Drawn Joker @ level 7

Water/Light/Dark Halved
Reduce damage from Water, Light, Dark by 50%
Toon Bomb + Joker Time!
Spawn random 3 Bomb orbs + Movetime -2s for 10 turns

stage 5

3457 - Lawless Demonic Gentleman, Azazel @ level 7

Fire/Light halved
Reduce damage from Fire, Light by 50%
Fallen Angel's Wings + Scapegoat
Seal 1st row for 4 turns + Voids status ailments for 999 turns
----- HP <= 15 -----
HP <= 15
Nightmare Spiral
Deal 700% damage (7 hits, 100% each)

