Event Gift Dungeon [7] - One-Shot Bubpy

stage 0

1548 - Bubpy @ level 1

This monster will only use basic attacks (or computing enemy skills failed)
