2707 Amnel Descended!
1,0,3547,10
3547 - Crescent Moon Wisedragon, Diena @ level 10
Dark damage halved
Reduce damage from Dark by 50%
Abnormal Dimension + Terror + Impurity
Voids status ailments for 10 turns + Spawn random 3 locked Bomb orbs + Spawn random 3 Jammer, Mortal Poison orbs
----- Turn 1 -----
Turn 1
Arced Horn of Truth
Change all orbs to Dark, Deal 1200% damage
----- HP <= 100 -----
HP <= 100
Curse Invasion
Mortal Poison skyfall +25% for 1 turns, Deal 2400% damage
----- HP <= 99 -----
HP <= 99
Eclipse Touch
Blind orbs in specific positions for 1 turns, Deal 300% damage
Eclipse Touch
Blind orbs in specific positions for 1 turns, Deal 300% damage
Time Mixup
Movetime -1s for 1 turns, Deal 300% damage
Time Mixup
Movetime -2s for 1 turns, Deal 300% damage
Time Mixup
Movetime -3s for 1 turns, Deal 300% damage
Time Mixup
Movetime 50% for 1 turns, Deal 300% damage
Time Mixup
Movetime 150% for 1 turns, Deal 300% damage
Wonder Bolt
Deal 350% damage (7 hits, 50% each)
----- HP <= 5 -----
HP <= 5
Curse Invasion
Mortal Poison skyfall +25% for 1 turns, Deal 2400% damage


1,1,3581,10
3581 - Morning Moon Dragon Caller, Satsuki @ level 10
Demonic Eye of Truth + Lifeseal Talisman + Chime of the Demon Moon
Delay active skills by 10 turns + Rcv 50% for 10 turns + Bind active skills for 10 turns
----- Turn 1 -----
Turn 1
Accursed Tiara
Increase damage to 200% for the next 999 turns
----- Turn 2 -----
Turn 2
Bone-Shaking Bloom Hammer + Demonheart
Player -99% HP + Spawn random 3 Heal orbs
----- HP <= 100 -----
HP <= 100
Shadow Drop
Change Water to Dark, Deal 250% damage
Concealed Mirror Kunai
Deal 280% damage (2 hits, 140% each)
----- HP <= 5 -----
HP <= 5
Darkness
Change all orbs to Dark, Deal 6000% damage


1,2,3577,10
3577 - Eighth Dragon Caller, Tidebringer Amnel @ level 10
Light damage halved
Reduce damage from Light by 50%
Light Dragon Barrier + Guardian Dragon Formation + Acid Prison
Void damage >= 10000000 for 999 turns + Voids status ailments for 999 turns + Bind 4 random subs for 15 turns
----- HP <= 100 -----
HP <= 100
Change mon Attaque
Change own attribute to random one of Light, Water, Deal 320% damage
Divine Charm
Bind awoken skills for 1 turns, Deal 290% damage
Prism Burst
Absorb combo <= 8 damage for 1 turns, Deal 290% damage
----- HP <= 79 -----
HP <= 79
Deep Shadow + Shining Stream
Absorb Dark damage for 3 turns + Enemy action
----- HP <= 49 -----
HP <= 49
Cyclone + Shining Stream
Enemy action + Enemy action
----- HP <= 29 -----
HP <= 29
Cyclone + Shining Stream
Enemy action + Enemy action
----- HP <= 10 -----
HP <= 10
Photon Break + Myriad Meteor Ray
Voids player buff effects + Enemy action


