Event Gift Dungeon! [5] - One-Shot Gold TAMADRA

stage 0

1709 - Gold TAMADRA @ level 1

This monster will only use basic attacks (or missing data for level 1)
