Daily Py Dungeon [17] - One-Shot Flampy

stage 0

1547 - Flampy @ level 1

This monster will only use basic attacks (or computing enemy skills failed)
