Super-Ultimate Machine Rush! - Machine Realm-Annihilation

stage 0

2234 - Awoken Deus ex Machina @ level 5

Battle Initiation
Reduce damage from all sources by 50% for 5 turns
----- HP <= 100 -----
HP <= 100
Illusory Faith Theatre
Bind 4 random for 2 turns, Deal 120% damage
----- HP <= 99 -----
HP <= 99
Elemental Turn
Change own attribute to random one of Fire, Water, Wood, Light, Dark, Deal 120% damage
----- HP <= 99 -----
HP <= 99
Allegro Step
Deal 150% damage (3 hits, 50% each)
----- HP <= 79 -----
HP <= 79
Waltz
Leader changes to random sub for 1 turns
Rondo
Change 1st, 3rd, 5th, 7th column to Fire, Water, Wood, Light, Dark orbs, 2nd, 4th, 6th column to Jammer, Poison orbs, Deal 100% damage
Requiem
Delay active skills by 3 turns
----- HP <= 79 -----
HP <= 79
Allegro Step
Deal 150% damage (3 hits, 50% each)
----- HP <= 19 -----
HP <= 19
Preparation
Delay active skills by 1 turns, Deal 130% damage
----- HP <= 19 -----
HP <= 19
Sudden Curtain Call
Deal 1000% damage
----- HP <= 80 -----
HP <= 80
Arabesque Repair
Enemy recover 30% hp, Deal 80% damage

stage 1

3155 - Flash Machine King, Cosmo Crusader @ level 5

Robot Dark Halved
Reduce damage from Dark by 50%
Welcome to the big leagues + Wasser Biene
Voids status ailments for 10 turns + Change Random to Water
----- HP <= 70 -----
HP <= 70
Licht Regen
Light skyfall +15% for 10 turns
----- HP <= 50 -----
HP <= 50
Zeit Rauben
Movetime 50% for 3 turns
----- HP <= 15 -----
HP <= 15
Eisen Zorn
Deal 1500% damage (5 hits, 300% each)

stage 2

1206 - 5 Mechdragon Fusion, God Canopus @ level 10

God Dragons' Field
Voids status ailments for 999 turns
----- HP <= 24 -----
HP <= 24
Final God Cannon
Deal 200% damage
----- HP <= 24 -----
HP <= 24
God Mode Activated!!
Increase damage to 200% for the next 999 turns

1207 - 5 Mechdragon Combo, Demon Hadar @ level 10

Barrier Field
Voids status ailments for 999 turns
----- HP <= 24 -----
HP <= 24
Limiter Off
Do nothing
----- HP <= 24 -----
HP <= 24
Ultimate Stream
Deal 900% damage (3 hits, 300% each)

1324 - Extreme King Metal Dragon @ level 7

He looks full
Do nothing

stage 3

3015 - War Machine King, Liberty Geist @ level 5

Halves Light-Dark
Reduce damage from Light, Dark by 50%
Burning Flame + Power Claw
Absorb combo <= 5 damage for 99 turns + Lock all Fire, Wood orbs
----- HP <= 15 -----
HP <= 15
Explosive Skewer
Lock all Fire, Water, Wood, Light, Dark, Heal, Jammer, Poison, Mortal Poison orbs, Deal 750% damage
----- HP <= 30 -----
HP <= 30
Melting Claw
Deal 160% damage (4 hits, 40% each)
Destroying Claw
Spawn random 4 Jammer, Poison orbs, Deal 110% damage
----- HP <= 30 -----
HP <= 30
Destroying Claw
Spawn random 4 Jammer, Poison orbs, Deal 110% damage
----- HP <= 15 -----
HP <= 15
Explosive Skewer
Lock all Fire, Water, Wood, Light, Dark, Heal, Jammer, Poison, Mortal Poison orbs, Deal 750% damage

stage 4

2987 - Iron Machine King, Star Justice @ level 5

Resolve Robot
Survive attacks with 1 HP when HP > 50%
Mode-Ground Armor + Justice Aura
Voids status ailments for 999 turns + Delay active skills by 4 turns
----- HP <= 100 -----
HP <= 100
Justice Eye
Voids player buff effects
Justice Punch
Player -99% HP
----- HP <= 100 -----
HP <= 100
Justice Eye
Voids player buff effects
Justice Star Boomerang
Deal 120% damage (3 hits, 40% each)
----- HP <= 100 -----
HP <= 100
Justice Eye
Voids player buff effects
Justice Blade
Change 2nd row to Wood orbs, Deal 100% damage
----- HP <= 70 -----
HP <= 70
Justice Barrier
Reduce damage from all sources by 50% for 6 turns
----- HP <= 50 -----
HP <= 50
Justice Tornado
Wood, Jammer, Poison skyfall +10% for 5 turns, Deal 100% damage
----- HP <= 15 -----
HP <= 15
Justice Ultimate Storm
Deal 800% damage (8 hits, 100% each)

stage 5

2890 - Heaven Winged Machine, Seraphis @ level 8

Robot Dark Halven
Reduce damage from Dark by 50%
Robot Resolve
Survive attacks with 1 HP when HP > 50%
Heaven's Armor + Limited Barrier + Electromagnetic Field
Voids status ailments for 999 turns + Reduce damage from all sources by 50% for 5 turns + Locked random skyfall +15% for 10 turns
----- HP <= 20 -----
HP <= 20
Awaken Force
Increase damage to 200% for the next 999 turns
Limit Break
Deal 800% damage (2 hits, 400% each)
----- HP <= 20 -----
HP <= 20
Limit Break
Deal 800% damage (2 hits, 400% each)
----- HP <= 1 -----
HP <= 1
Holy Repair + Limit Break
Enemy recover 19% hp + Enemy action

stage 0

2234 - Awoken Deus ex Machina @ level 7

Battle Initiation
Reduce damage from all sources by 50% for 5 turns
----- HP <= 100 -----
HP <= 100
Illusory Faith Theatre
Bind 4 random for 2 turns, Deal 120% damage
----- HP <= 99 -----
HP <= 99
Elemental Turn
Change own attribute to random one of Fire, Water, Wood, Light, Dark, Deal 120% damage
----- HP <= 99 -----
HP <= 99
Allegro Step
Deal 150% damage (3 hits, 50% each)
----- HP <= 79 -----
HP <= 79
Waltz
Leader changes to random sub for 1 turns
Rondo
Change 1st, 3rd, 5th, 7th column to Fire, Water, Wood, Light, Dark orbs, 2nd, 4th, 6th column to Jammer, Poison orbs, Deal 100% damage
Requiem
Delay active skills by 3 turns
----- HP <= 79 -----
HP <= 79
Allegro Step
Deal 150% damage (3 hits, 50% each)
----- HP <= 19 -----
HP <= 19
Preparation
Delay active skills by 1 turns, Deal 130% damage
----- HP <= 19 -----
HP <= 19
Sudden Curtain Call
Deal 1000% damage
----- HP <= 80 -----
HP <= 80
Arabesque Repair
Enemy recover 30% hp, Deal 80% damage

stage 1

3155 - Flash Machine King, Cosmo Crusader @ level 7

Robot Dark Halved
Reduce damage from Dark by 50%
Welcome to the big leagues + Wasser Biene
Voids status ailments for 10 turns + Change Random to Water
----- HP <= 70 -----
HP <= 70
Licht Regen
Light skyfall +15% for 10 turns
----- HP <= 50 -----
HP <= 50
Zeit Rauben
Movetime 50% for 3 turns
----- HP <= 15 -----
HP <= 15
Eisen Zorn
Deal 1500% damage (5 hits, 300% each)

stage 2

1324 - Extreme King Metal Dragon @ level 10

He looks full
Do nothing

101206 - Alt. 5 Mechdragon Fusion, God Canopus @ level 13

God Canopus Halved
Reduce damage from Wood, Light by 50%

101207 - Alt. 5 Mechdragon Combo, Demon Hadar @ level 13

Hadar Halved
Reduce damage from Fire, Dark by 50%

stage 3

3015 - War Machine King, Liberty Geist @ level 7

Halves Light-Dark
Reduce damage from Light, Dark by 50%
Burning Flame + Power Claw
Absorb combo <= 5 damage for 99 turns + Lock all Fire, Wood orbs
----- HP <= 15 -----
HP <= 15
Explosive Skewer
Lock all Fire, Water, Wood, Light, Dark, Heal, Jammer, Poison, Mortal Poison orbs, Deal 750% damage
----- HP <= 30 -----
HP <= 30
Melting Claw
Deal 160% damage (4 hits, 40% each)
Destroying Claw
Spawn random 4 Jammer, Poison orbs, Deal 110% damage
----- HP <= 30 -----
HP <= 30
Destroying Claw
Spawn random 4 Jammer, Poison orbs, Deal 110% damage
----- HP <= 15 -----
HP <= 15
Explosive Skewer
Lock all Fire, Water, Wood, Light, Dark, Heal, Jammer, Poison, Mortal Poison orbs, Deal 750% damage

stage 4

2987 - Iron Machine King, Star Justice @ level 7

Resolve Robot
Survive attacks with 1 HP when HP > 50%
Mode-Ground Armor + Justice Aura
Voids status ailments for 999 turns + Delay active skills by 4 turns
----- HP <= 100 -----
HP <= 100
Justice Eye
Voids player buff effects
Justice Punch
Player -99% HP
----- HP <= 100 -----
HP <= 100
Justice Eye
Voids player buff effects
Justice Star Boomerang
Deal 120% damage (3 hits, 40% each)
----- HP <= 100 -----
HP <= 100
Justice Eye
Voids player buff effects
Justice Blade
Change 2nd row to Wood orbs, Deal 100% damage
----- HP <= 70 -----
HP <= 70
Justice Barrier
Reduce damage from all sources by 50% for 6 turns
----- HP <= 50 -----
HP <= 50
Justice Tornado
Wood, Jammer, Poison skyfall +10% for 5 turns, Deal 100% damage
----- HP <= 15 -----
HP <= 15
Justice Ultimate Storm
Deal 800% damage (8 hits, 100% each)

stage 5

2890 - Heaven Winged Machine, Seraphis @ level 10

Robot Dark Halven
Reduce damage from Dark by 50%
Robot Resolve
Survive attacks with 1 HP when HP > 50%
Heaven's Armor + Limited Barrier + Electromagnetic Field
Voids status ailments for 999 turns + Reduce damage from all sources by 50% for 5 turns + Locked random skyfall +15% for 10 turns
----- HP <= 20 -----
HP <= 20
Awaken Force
Increase damage to 200% for the next 999 turns
Limit Break
Deal 800% damage (2 hits, 400% each)
----- HP <= 20 -----
HP <= 20
Limit Break
Deal 800% damage (2 hits, 400% each)
----- HP <= 1 -----
HP <= 1
Holy Repair + Limit Break
Enemy recover 19% hp + Enemy action

stage 6

3597 - Dark Winged Machine, Demonius @ level 9

Robo Light halved
Reduce damage from Light by 50%
Robo Resovle
Survive attacks with 1 HP when HP > 50%
Hell Armor + Demon Flare + Chaos Field
Voids status ailments for 999 turns + Spawn locked Bomb orbs in the specified positions + Locked random skyfall +100% for 1 turns
----- Turn 1 -----
Turn 1
Energy Ray
Fix orb movement starting point to random position on the board, Deal 200% damage
----- Turn 2 -----
Turn 2
Black Metal Glare
Movetime -2s for 2 turns, Deal 130% damage
----- HP <= 100 -----
HP <= 100
Evil Bomb
Spawn random 3 Bomb orbs, Deal 130% damage
----- HP <= 49 -----
HP <= 49
Evil Bomb
Spawn random 3 Bomb orbs, Deal 160% damage
----- HP <= 50 -----
HP <= 50
Trauma Dimension + Jamming
Absorb combo <= 5 damage for 999 turns + Jammer skyfall +20% for 10 turns
----- HP <= 20 -----
HP <= 20
Limit Break
Deal 6000% damage (3 hits, 2000% each)
----- HP <= 1 -----
HP <= 1
Cell Proliferate + Helter-Skelter
Enemy recover 51% hp + Increase damage to 200% for the next 999 turns

Super-Ultimate Machine Rush! - Machine Realm-Mythical Plus

stage 0

2234 - Awoken Deus ex Machina @ level 5

Battle Initiation
Reduce damage from all sources by 50% for 5 turns
----- HP <= 100 -----
HP <= 100
Illusory Faith Theatre
Bind 4 random for 2 turns, Deal 120% damage
----- HP <= 99 -----
HP <= 99
Elemental Turn
Change own attribute to random one of Fire, Water, Wood, Light, Dark, Deal 120% damage
----- HP <= 99 -----
HP <= 99
Allegro Step
Deal 150% damage (3 hits, 50% each)
----- HP <= 79 -----
HP <= 79
Waltz
Leader changes to random sub for 1 turns
Rondo
Change 1st, 3rd, 5th, 7th column to Fire, Water, Wood, Light, Dark orbs, 2nd, 4th, 6th column to Jammer, Poison orbs, Deal 100% damage
Requiem
Delay active skills by 3 turns
----- HP <= 79 -----
HP <= 79
Allegro Step
Deal 150% damage (3 hits, 50% each)
----- HP <= 19 -----
HP <= 19
Preparation
Delay active skills by 1 turns, Deal 130% damage
----- HP <= 19 -----
HP <= 19
Sudden Curtain Call
Deal 1000% damage
----- HP <= 80 -----
HP <= 80
Arabesque Repair
Enemy recover 30% hp, Deal 80% damage

stage 1

3155 - Flash Machine King, Cosmo Crusader @ level 5

Robot Dark Halved
Reduce damage from Dark by 50%
Welcome to the big leagues + Wasser Biene
Voids status ailments for 10 turns + Change Random to Water
----- HP <= 70 -----
HP <= 70
Licht Regen
Light skyfall +15% for 10 turns
----- HP <= 50 -----
HP <= 50
Zeit Rauben
Movetime 50% for 3 turns
----- HP <= 15 -----
HP <= 15
Eisen Zorn
Deal 1500% damage (5 hits, 300% each)

stage 2

1206 - 5 Mechdragon Fusion, God Canopus @ level 10

God Dragons' Field
Voids status ailments for 999 turns
----- HP <= 24 -----
HP <= 24
Final God Cannon
Deal 200% damage
----- HP <= 24 -----
HP <= 24
God Mode Activated!!
Increase damage to 200% for the next 999 turns

1207 - 5 Mechdragon Combo, Demon Hadar @ level 10

Barrier Field
Voids status ailments for 999 turns
----- HP <= 24 -----
HP <= 24
Limiter Off
Do nothing
----- HP <= 24 -----
HP <= 24
Ultimate Stream
Deal 900% damage (3 hits, 300% each)

1324 - Extreme King Metal Dragon @ level 7

He looks full
Do nothing

stage 3

3015 - War Machine King, Liberty Geist @ level 5

Halves Light-Dark
Reduce damage from Light, Dark by 50%
Burning Flame + Power Claw
Absorb combo <= 5 damage for 99 turns + Lock all Fire, Wood orbs
----- HP <= 15 -----
HP <= 15
Explosive Skewer
Lock all Fire, Water, Wood, Light, Dark, Heal, Jammer, Poison, Mortal Poison orbs, Deal 750% damage
----- HP <= 30 -----
HP <= 30
Melting Claw
Deal 160% damage (4 hits, 40% each)
Destroying Claw
Spawn random 4 Jammer, Poison orbs, Deal 110% damage
----- HP <= 30 -----
HP <= 30
Destroying Claw
Spawn random 4 Jammer, Poison orbs, Deal 110% damage
----- HP <= 15 -----
HP <= 15
Explosive Skewer
Lock all Fire, Water, Wood, Light, Dark, Heal, Jammer, Poison, Mortal Poison orbs, Deal 750% damage

stage 4

2987 - Iron Machine King, Star Justice @ level 5

Resolve Robot
Survive attacks with 1 HP when HP > 50%
Mode-Ground Armor + Justice Aura
Voids status ailments for 999 turns + Delay active skills by 4 turns
----- HP <= 100 -----
HP <= 100
Justice Eye
Voids player buff effects
Justice Punch
Player -99% HP
----- HP <= 100 -----
HP <= 100
Justice Eye
Voids player buff effects
Justice Star Boomerang
Deal 120% damage (3 hits, 40% each)
----- HP <= 100 -----
HP <= 100
Justice Eye
Voids player buff effects
Justice Blade
Change 2nd row to Wood orbs, Deal 100% damage
----- HP <= 70 -----
HP <= 70
Justice Barrier
Reduce damage from all sources by 50% for 6 turns
----- HP <= 50 -----
HP <= 50
Justice Tornado
Wood, Jammer, Poison skyfall +10% for 5 turns, Deal 100% damage
----- HP <= 15 -----
HP <= 15
Justice Ultimate Storm
Deal 800% damage (8 hits, 100% each)

stage 5

2890 - Heaven Winged Machine, Seraphis @ level 8

Robot Dark Halven
Reduce damage from Dark by 50%
Robot Resolve
Survive attacks with 1 HP when HP > 50%
Heaven's Armor + Limited Barrier + Electromagnetic Field
Voids status ailments for 999 turns + Reduce damage from all sources by 50% for 5 turns + Locked random skyfall +15% for 10 turns
----- HP <= 20 -----
HP <= 20
Awaken Force
Increase damage to 200% for the next 999 turns
Limit Break
Deal 800% damage (2 hits, 400% each)
----- HP <= 20 -----
HP <= 20
Limit Break
Deal 800% damage (2 hits, 400% each)
----- HP <= 1 -----
HP <= 1
Holy Repair + Limit Break
Enemy recover 19% hp + Enemy action

stage 0

2234 - Awoken Deus ex Machina @ level 7

Battle Initiation
Reduce damage from all sources by 50% for 5 turns
----- HP <= 100 -----
HP <= 100
Illusory Faith Theatre
Bind 4 random for 2 turns, Deal 120% damage
----- HP <= 99 -----
HP <= 99
Elemental Turn
Change own attribute to random one of Fire, Water, Wood, Light, Dark, Deal 120% damage
----- HP <= 99 -----
HP <= 99
Allegro Step
Deal 150% damage (3 hits, 50% each)
----- HP <= 79 -----
HP <= 79
Waltz
Leader changes to random sub for 1 turns
Rondo
Change 1st, 3rd, 5th, 7th column to Fire, Water, Wood, Light, Dark orbs, 2nd, 4th, 6th column to Jammer, Poison orbs, Deal 100% damage
Requiem
Delay active skills by 3 turns
----- HP <= 79 -----
HP <= 79
Allegro Step
Deal 150% damage (3 hits, 50% each)
----- HP <= 19 -----
HP <= 19
Preparation
Delay active skills by 1 turns, Deal 130% damage
----- HP <= 19 -----
HP <= 19
Sudden Curtain Call
Deal 1000% damage
----- HP <= 80 -----
HP <= 80
Arabesque Repair
Enemy recover 30% hp, Deal 80% damage

stage 1

3155 - Flash Machine King, Cosmo Crusader @ level 7

Robot Dark Halved
Reduce damage from Dark by 50%
Welcome to the big leagues + Wasser Biene
Voids status ailments for 10 turns + Change Random to Water
----- HP <= 70 -----
HP <= 70
Licht Regen
Light skyfall +15% for 10 turns
----- HP <= 50 -----
HP <= 50
Zeit Rauben
Movetime 50% for 3 turns
----- HP <= 15 -----
HP <= 15
Eisen Zorn
Deal 1500% damage (5 hits, 300% each)

stage 2

1324 - Extreme King Metal Dragon @ level 10

He looks full
Do nothing

101206 - Alt. 5 Mechdragon Fusion, God Canopus @ level 13

God Canopus Halved
Reduce damage from Wood, Light by 50%

101207 - Alt. 5 Mechdragon Combo, Demon Hadar @ level 13

Hadar Halved
Reduce damage from Fire, Dark by 50%

stage 3

3015 - War Machine King, Liberty Geist @ level 7

Halves Light-Dark
Reduce damage from Light, Dark by 50%
Burning Flame + Power Claw
Absorb combo <= 5 damage for 99 turns + Lock all Fire, Wood orbs
----- HP <= 15 -----
HP <= 15
Explosive Skewer
Lock all Fire, Water, Wood, Light, Dark, Heal, Jammer, Poison, Mortal Poison orbs, Deal 750% damage
----- HP <= 30 -----
HP <= 30
Melting Claw
Deal 160% damage (4 hits, 40% each)
Destroying Claw
Spawn random 4 Jammer, Poison orbs, Deal 110% damage
----- HP <= 30 -----
HP <= 30
Destroying Claw
Spawn random 4 Jammer, Poison orbs, Deal 110% damage
----- HP <= 15 -----
HP <= 15
Explosive Skewer
Lock all Fire, Water, Wood, Light, Dark, Heal, Jammer, Poison, Mortal Poison orbs, Deal 750% damage

stage 4

2987 - Iron Machine King, Star Justice @ level 7

Resolve Robot
Survive attacks with 1 HP when HP > 50%
Mode-Ground Armor + Justice Aura
Voids status ailments for 999 turns + Delay active skills by 4 turns
----- HP <= 100 -----
HP <= 100
Justice Eye
Voids player buff effects
Justice Punch
Player -99% HP
----- HP <= 100 -----
HP <= 100
Justice Eye
Voids player buff effects
Justice Star Boomerang
Deal 120% damage (3 hits, 40% each)
----- HP <= 100 -----
HP <= 100
Justice Eye
Voids player buff effects
Justice Blade
Change 2nd row to Wood orbs, Deal 100% damage
----- HP <= 70 -----
HP <= 70
Justice Barrier
Reduce damage from all sources by 50% for 6 turns
----- HP <= 50 -----
HP <= 50
Justice Tornado
Wood, Jammer, Poison skyfall +10% for 5 turns, Deal 100% damage
----- HP <= 15 -----
HP <= 15
Justice Ultimate Storm
Deal 800% damage (8 hits, 100% each)

stage 5

2890 - Heaven Winged Machine, Seraphis @ level 10

Robot Dark Halven
Reduce damage from Dark by 50%
Robot Resolve
Survive attacks with 1 HP when HP > 50%
Heaven's Armor + Limited Barrier + Electromagnetic Field
Voids status ailments for 999 turns + Reduce damage from all sources by 50% for 5 turns + Locked random skyfall +15% for 10 turns
----- HP <= 20 -----
HP <= 20
Awaken Force
Increase damage to 200% for the next 999 turns
Limit Break
Deal 800% damage (2 hits, 400% each)
----- HP <= 20 -----
HP <= 20
Limit Break
Deal 800% damage (2 hits, 400% each)
----- HP <= 1 -----
HP <= 1
Holy Repair + Limit Break
Enemy recover 19% hp + Enemy action

stage 6

3597 - Dark Winged Machine, Demonius @ level 9

Robo Light halved
Reduce damage from Light by 50%
Robo Resovle
Survive attacks with 1 HP when HP > 50%
Hell Armor + Demon Flare + Chaos Field
Voids status ailments for 999 turns + Spawn locked Bomb orbs in the specified positions + Locked random skyfall +100% for 1 turns
----- Turn 1 -----
Turn 1
Energy Ray
Fix orb movement starting point to random position on the board, Deal 200% damage
----- Turn 2 -----
Turn 2
Black Metal Glare
Movetime -2s for 2 turns, Deal 130% damage
----- HP <= 100 -----
HP <= 100
Evil Bomb
Spawn random 3 Bomb orbs, Deal 130% damage
----- HP <= 49 -----
HP <= 49
Evil Bomb
Spawn random 3 Bomb orbs, Deal 160% damage
----- HP <= 50 -----
HP <= 50
Trauma Dimension + Jamming
Absorb combo <= 5 damage for 999 turns + Jammer skyfall +20% for 10 turns
----- HP <= 20 -----
HP <= 20
Limit Break
Deal 6000% damage (3 hits, 2000% each)
----- HP <= 1 -----
HP <= 1
Cell Proliferate + Helter-Skelter
Enemy recover 51% hp + Increase damage to 200% for the next 999 turns

