GROOVE COASTER Collab - Starlight Path-Universe

stage 0

762 - OCTOPUS @ level 1

This monster will only use basic attacks (or computing enemy skills failed)
764 - CRAB @ level 1

This monster will only use basic attacks (or computing enemy skills failed)
766 - SQUID @ level 1

This monster will only use basic attacks (or computing enemy skills failed)
stage 1

762 - OCTOPUS @ level 1

This monster will only use basic attacks (or computing enemy skills failed)
766 - SQUID @ level 1

This monster will only use basic attacks (or computing enemy skills failed)
764 - CRAB @ level 1

This monster will only use basic attacks (or computing enemy skills failed)
stage 2

762 - OCTOPUS @ level 1

This monster will only use basic attacks (or computing enemy skills failed)
764 - CRAB @ level 1

This monster will only use basic attacks (or computing enemy skills failed)
766 - SQUID @ level 1

This monster will only use basic attacks (or computing enemy skills failed)
stage 3

762 - OCTOPUS @ level 1

This monster will only use basic attacks (or computing enemy skills failed)
764 - CRAB @ level 1

This monster will only use basic attacks (or computing enemy skills failed)
766 - SQUID @ level 1

This monster will only use basic attacks (or computing enemy skills failed)
stage 4

770 - UFO @ level 1

This monster will only use basic attacks (or computing enemy skills failed)
stage 0

762 - OCTOPUS @ level 2

This monster will only use basic attacks (or computing enemy skills failed)
764 - CRAB @ level 2

This monster will only use basic attacks (or computing enemy skills failed)
766 - SQUID @ level 2

This monster will only use basic attacks (or computing enemy skills failed)
stage 1

762 - OCTOPUS @ level 2

This monster will only use basic attacks (or computing enemy skills failed)
764 - CRAB @ level 2

This monster will only use basic attacks (or computing enemy skills failed)
766 - SQUID @ level 2

This monster will only use basic attacks (or computing enemy skills failed)
stage 2

762 - OCTOPUS @ level 2

This monster will only use basic attacks (or computing enemy skills failed)
764 - CRAB @ level 2

This monster will only use basic attacks (or computing enemy skills failed)
766 - SQUID @ level 2

This monster will only use basic attacks (or computing enemy skills failed)
stage 3

762 - OCTOPUS @ level 2

This monster will only use basic attacks (or computing enemy skills failed)
764 - CRAB @ level 2

This monster will only use basic attacks (or computing enemy skills failed)
766 - SQUID @ level 2

This monster will only use basic attacks (or computing enemy skills failed)
stage 4

763 - OCTOPUS Ver.2 @ level 2

This monster will only use basic attacks (or missing data for level 2)
stage 5

762 - OCTOPUS @ level 2

This monster will only use basic attacks (or computing enemy skills failed)
764 - CRAB @ level 2

This monster will only use basic attacks (or computing enemy skills failed)
766 - SQUID @ level 2

This monster will only use basic attacks (or computing enemy skills failed)
stage 6

770 - UFO @ level 4

This monster will only use basic attacks (or computing enemy skills failed)
stage 0

762 - OCTOPUS @ level 7

This monster will only use basic attacks (or computing enemy skills failed)
764 - CRAB @ level 7

This monster will only use basic attacks (or computing enemy skills failed)
766 - SQUID @ level 7

This monster will only use basic attacks (or computing enemy skills failed)
stage 1

762 - OCTOPUS @ level 7

This monster will only use basic attacks (or computing enemy skills failed)
764 - CRAB @ level 7

This monster will only use basic attacks (or computing enemy skills failed)
766 - SQUID @ level 7

This monster will only use basic attacks (or computing enemy skills failed)
stage 2

762 - OCTOPUS @ level 7

This monster will only use basic attacks (or computing enemy skills failed)
764 - CRAB @ level 7

This monster will only use basic attacks (or computing enemy skills failed)
766 - SQUID @ level 7

This monster will only use basic attacks (or computing enemy skills failed)
stage 3

762 - OCTOPUS @ level 7

This monster will only use basic attacks (or computing enemy skills failed)
764 - CRAB @ level 7

This monster will only use basic attacks (or computing enemy skills failed)
766 - SQUID @ level 7

This monster will only use basic attacks (or computing enemy skills failed)
stage 4

763 - OCTOPUS Ver.2 @ level 7

----- Turn 1 -----
Turn 1
INVASION
Change Water to Jammer, Deal 70% damage
----- Turn 2 -----
Turn 2
SPEED UP
Increase damage to 200% for the next 999 turns

765 - CRAB Ver.2 @ level 7

----- Turn 1 -----
Turn 1
INVASION
Change Wood to Jammer, Deal 70% damage
----- Turn 2 -----
Turn 2
SPEED UP
Increase damage to 200% for the next 999 turns

767 - SQUID Ver.2 @ level 7

----- Turn 1 -----
Turn 1
INVASION
Change Fire to Jammer, Deal 70% damage
----- Turn 2 -----
Turn 2
SPEED UP
Increase damage to 200% for the next 999 turns

stage 5

766 - SQUID @ level 7

This monster will only use basic attacks (or computing enemy skills failed)
762 - OCTOPUS @ level 7

This monster will only use basic attacks (or computing enemy skills failed)
764 - CRAB @ level 7

This monster will only use basic attacks (or computing enemy skills failed)
stage 6

762 - OCTOPUS @ level 7

This monster will only use basic attacks (or computing enemy skills failed)
764 - CRAB @ level 7

This monster will only use basic attacks (or computing enemy skills failed)
766 - SQUID @ level 7

This monster will only use basic attacks (or computing enemy skills failed)
stage 7

762 - OCTOPUS @ level 7

This monster will only use basic attacks (or computing enemy skills failed)
764 - CRAB @ level 7

This monster will only use basic attacks (or computing enemy skills failed)
766 - SQUID @ level 7

This monster will only use basic attacks (or computing enemy skills failed)
stage 8

763 - OCTOPUS Ver.2 @ level 7

----- Turn 1 -----
Turn 1
INVASION
Change Water to Jammer, Deal 70% damage
----- Turn 2 -----
Turn 2
SPEED UP
Increase damage to 200% for the next 999 turns

765 - CRAB Ver.2 @ level 7

----- Turn 1 -----
Turn 1
INVASION
Change Wood to Jammer, Deal 70% damage
----- Turn 2 -----
Turn 2
SPEED UP
Increase damage to 200% for the next 999 turns

767 - SQUID Ver.2 @ level 7

----- Turn 1 -----
Turn 1
INVASION
Change Fire to Jammer, Deal 70% damage
----- Turn 2 -----
Turn 2
SPEED UP
Increase damage to 200% for the next 999 turns

stage 9

771 - UFO Ver.2 @ level 7

----- HP <= 100 -----
HP <= 100
55CHAIN
Deal 100% damage

stage 0

762 - OCTOPUS @ level 10

This monster will only use basic attacks (or computing enemy skills failed)
764 - CRAB @ level 10

This monster will only use basic attacks (or computing enemy skills failed)
766 - SQUID @ level 10

This monster will only use basic attacks (or computing enemy skills failed)
stage 1

762 - OCTOPUS @ level 10

This monster will only use basic attacks (or computing enemy skills failed)
764 - CRAB @ level 10

This monster will only use basic attacks (or computing enemy skills failed)
766 - SQUID @ level 10

This monster will only use basic attacks (or computing enemy skills failed)
stage 2

762 - OCTOPUS @ level 10

This monster will only use basic attacks (or computing enemy skills failed)
764 - CRAB @ level 10

This monster will only use basic attacks (or computing enemy skills failed)
766 - SQUID @ level 10

This monster will only use basic attacks (or computing enemy skills failed)
stage 3

762 - OCTOPUS @ level 10

This monster will only use basic attacks (or computing enemy skills failed)
764 - CRAB @ level 10

This monster will only use basic attacks (or computing enemy skills failed)
766 - SQUID @ level 10

This monster will only use basic attacks (or computing enemy skills failed)
stage 4

763 - OCTOPUS Ver.2 @ level 10

----- Turn 1 -----
Turn 1
INVASION
Change Water to Jammer, Deal 70% damage
----- Turn 2 -----
Turn 2
SPEED UP
Increase damage to 200% for the next 999 turns

765 - CRAB Ver.2 @ level 10

----- Turn 1 -----
Turn 1
INVASION
Change Wood to Jammer, Deal 70% damage
----- Turn 2 -----
Turn 2
SPEED UP
Increase damage to 200% for the next 999 turns

767 - SQUID Ver.2 @ level 10

----- Turn 1 -----
Turn 1
INVASION
Change Fire to Jammer, Deal 70% damage
----- Turn 2 -----
Turn 2
SPEED UP
Increase damage to 200% for the next 999 turns

stage 5

764 - CRAB @ level 10

This monster will only use basic attacks (or computing enemy skills failed)
762 - OCTOPUS @ level 10

This monster will only use basic attacks (or computing enemy skills failed)
766 - SQUID @ level 10

This monster will only use basic attacks (or computing enemy skills failed)
stage 6

762 - OCTOPUS @ level 10

This monster will only use basic attacks (or computing enemy skills failed)
764 - CRAB @ level 10

This monster will only use basic attacks (or computing enemy skills failed)
766 - SQUID @ level 10

This monster will only use basic attacks (or computing enemy skills failed)
stage 7

762 - OCTOPUS @ level 10

This monster will only use basic attacks (or computing enemy skills failed)
764 - CRAB @ level 10

This monster will only use basic attacks (or computing enemy skills failed)
766 - SQUID @ level 10

This monster will only use basic attacks (or computing enemy skills failed)
stage 8

765 - CRAB Ver.2 @ level 10

----- Turn 1 -----
Turn 1
INVASION
Change Wood to Jammer, Deal 70% damage
----- Turn 2 -----
Turn 2
SPEED UP
Increase damage to 200% for the next 999 turns

763 - OCTOPUS Ver.2 @ level 10

----- Turn 1 -----
Turn 1
INVASION
Change Water to Jammer, Deal 70% damage
----- Turn 2 -----
Turn 2
SPEED UP
Increase damage to 200% for the next 999 turns

767 - SQUID Ver.2 @ level 10

----- Turn 1 -----
Turn 1
INVASION
Change Fire to Jammer, Deal 70% damage
----- Turn 2 -----
Turn 2
SPEED UP
Increase damage to 200% for the next 999 turns

stage 9

771 - UFO Ver.2 @ level 10

----- HP <= 100 -----
HP <= 100
55CHAIN
Deal 100% damage

GROOVE COASTER Collab - Starlight Path-Master

stage 0

762 - OCTOPUS @ level 1

This monster will only use basic attacks (or computing enemy skills failed)
764 - CRAB @ level 1

This monster will only use basic attacks (or computing enemy skills failed)
766 - SQUID @ level 1

This monster will only use basic attacks (or computing enemy skills failed)
stage 1

762 - OCTOPUS @ level 1

This monster will only use basic attacks (or computing enemy skills failed)
766 - SQUID @ level 1

This monster will only use basic attacks (or computing enemy skills failed)
764 - CRAB @ level 1

This monster will only use basic attacks (or computing enemy skills failed)
stage 2

762 - OCTOPUS @ level 1

This monster will only use basic attacks (or computing enemy skills failed)
764 - CRAB @ level 1

This monster will only use basic attacks (or computing enemy skills failed)
766 - SQUID @ level 1

This monster will only use basic attacks (or computing enemy skills failed)
stage 3

762 - OCTOPUS @ level 1

This monster will only use basic attacks (or computing enemy skills failed)
764 - CRAB @ level 1

This monster will only use basic attacks (or computing enemy skills failed)
766 - SQUID @ level 1

This monster will only use basic attacks (or computing enemy skills failed)
stage 4

770 - UFO @ level 1

This monster will only use basic attacks (or computing enemy skills failed)
stage 0

762 - OCTOPUS @ level 2

This monster will only use basic attacks (or computing enemy skills failed)
764 - CRAB @ level 2

This monster will only use basic attacks (or computing enemy skills failed)
766 - SQUID @ level 2

This monster will only use basic attacks (or computing enemy skills failed)
stage 1

762 - OCTOPUS @ level 2

This monster will only use basic attacks (or computing enemy skills failed)
764 - CRAB @ level 2

This monster will only use basic attacks (or computing enemy skills failed)
766 - SQUID @ level 2

This monster will only use basic attacks (or computing enemy skills failed)
stage 2

762 - OCTOPUS @ level 2

This monster will only use basic attacks (or computing enemy skills failed)
764 - CRAB @ level 2

This monster will only use basic attacks (or computing enemy skills failed)
766 - SQUID @ level 2

This monster will only use basic attacks (or computing enemy skills failed)
stage 3

762 - OCTOPUS @ level 2

This monster will only use basic attacks (or computing enemy skills failed)
764 - CRAB @ level 2

This monster will only use basic attacks (or computing enemy skills failed)
766 - SQUID @ level 2

This monster will only use basic attacks (or computing enemy skills failed)
stage 4

763 - OCTOPUS Ver.2 @ level 2

This monster will only use basic attacks (or missing data for level 2)
stage 5

762 - OCTOPUS @ level 2

This monster will only use basic attacks (or computing enemy skills failed)
764 - CRAB @ level 2

This monster will only use basic attacks (or computing enemy skills failed)
766 - SQUID @ level 2

This monster will only use basic attacks (or computing enemy skills failed)
stage 6

770 - UFO @ level 4

This monster will only use basic attacks (or computing enemy skills failed)
stage 0

762 - OCTOPUS @ level 7

This monster will only use basic attacks (or computing enemy skills failed)
764 - CRAB @ level 7

This monster will only use basic attacks (or computing enemy skills failed)
766 - SQUID @ level 7

This monster will only use basic attacks (or computing enemy skills failed)
stage 1

762 - OCTOPUS @ level 7

This monster will only use basic attacks (or computing enemy skills failed)
764 - CRAB @ level 7

This monster will only use basic attacks (or computing enemy skills failed)
766 - SQUID @ level 7

This monster will only use basic attacks (or computing enemy skills failed)
stage 2

762 - OCTOPUS @ level 7

This monster will only use basic attacks (or computing enemy skills failed)
764 - CRAB @ level 7

This monster will only use basic attacks (or computing enemy skills failed)
766 - SQUID @ level 7

This monster will only use basic attacks (or computing enemy skills failed)
stage 3

762 - OCTOPUS @ level 7

This monster will only use basic attacks (or computing enemy skills failed)
764 - CRAB @ level 7

This monster will only use basic attacks (or computing enemy skills failed)
766 - SQUID @ level 7

This monster will only use basic attacks (or computing enemy skills failed)
stage 4

763 - OCTOPUS Ver.2 @ level 7

----- Turn 1 -----
Turn 1
INVASION
Change Water to Jammer, Deal 70% damage
----- Turn 2 -----
Turn 2
SPEED UP
Increase damage to 200% for the next 999 turns

765 - CRAB Ver.2 @ level 7

----- Turn 1 -----
Turn 1
INVASION
Change Wood to Jammer, Deal 70% damage
----- Turn 2 -----
Turn 2
SPEED UP
Increase damage to 200% for the next 999 turns

767 - SQUID Ver.2 @ level 7

----- Turn 1 -----
Turn 1
INVASION
Change Fire to Jammer, Deal 70% damage
----- Turn 2 -----
Turn 2
SPEED UP
Increase damage to 200% for the next 999 turns

stage 5

766 - SQUID @ level 7

This monster will only use basic attacks (or computing enemy skills failed)
762 - OCTOPUS @ level 7

This monster will only use basic attacks (or computing enemy skills failed)
764 - CRAB @ level 7

This monster will only use basic attacks (or computing enemy skills failed)
stage 6

762 - OCTOPUS @ level 7

This monster will only use basic attacks (or computing enemy skills failed)
764 - CRAB @ level 7

This monster will only use basic attacks (or computing enemy skills failed)
766 - SQUID @ level 7

This monster will only use basic attacks (or computing enemy skills failed)
stage 7

762 - OCTOPUS @ level 7

This monster will only use basic attacks (or computing enemy skills failed)
764 - CRAB @ level 7

This monster will only use basic attacks (or computing enemy skills failed)
766 - SQUID @ level 7

This monster will only use basic attacks (or computing enemy skills failed)
stage 8

763 - OCTOPUS Ver.2 @ level 7

----- Turn 1 -----
Turn 1
INVASION
Change Water to Jammer, Deal 70% damage
----- Turn 2 -----
Turn 2
SPEED UP
Increase damage to 200% for the next 999 turns

765 - CRAB Ver.2 @ level 7

----- Turn 1 -----
Turn 1
INVASION
Change Wood to Jammer, Deal 70% damage
----- Turn 2 -----
Turn 2
SPEED UP
Increase damage to 200% for the next 999 turns

767 - SQUID Ver.2 @ level 7

----- Turn 1 -----
Turn 1
INVASION
Change Fire to Jammer, Deal 70% damage
----- Turn 2 -----
Turn 2
SPEED UP
Increase damage to 200% for the next 999 turns

stage 9

771 - UFO Ver.2 @ level 7

----- HP <= 100 -----
HP <= 100
55CHAIN
Deal 100% damage

stage 0

762 - OCTOPUS @ level 10

This monster will only use basic attacks (or computing enemy skills failed)
764 - CRAB @ level 10

This monster will only use basic attacks (or computing enemy skills failed)
766 - SQUID @ level 10

This monster will only use basic attacks (or computing enemy skills failed)
stage 1

762 - OCTOPUS @ level 10

This monster will only use basic attacks (or computing enemy skills failed)
764 - CRAB @ level 10

This monster will only use basic attacks (or computing enemy skills failed)
766 - SQUID @ level 10

This monster will only use basic attacks (or computing enemy skills failed)
stage 2

762 - OCTOPUS @ level 10

This monster will only use basic attacks (or computing enemy skills failed)
764 - CRAB @ level 10

This monster will only use basic attacks (or computing enemy skills failed)
766 - SQUID @ level 10

This monster will only use basic attacks (or computing enemy skills failed)
stage 3

762 - OCTOPUS @ level 10

This monster will only use basic attacks (or computing enemy skills failed)
764 - CRAB @ level 10

This monster will only use basic attacks (or computing enemy skills failed)
766 - SQUID @ level 10

This monster will only use basic attacks (or computing enemy skills failed)
stage 4

763 - OCTOPUS Ver.2 @ level 10

----- Turn 1 -----
Turn 1
INVASION
Change Water to Jammer, Deal 70% damage
----- Turn 2 -----
Turn 2
SPEED UP
Increase damage to 200% for the next 999 turns

765 - CRAB Ver.2 @ level 10

----- Turn 1 -----
Turn 1
INVASION
Change Wood to Jammer, Deal 70% damage
----- Turn 2 -----
Turn 2
SPEED UP
Increase damage to 200% for the next 999 turns

767 - SQUID Ver.2 @ level 10

----- Turn 1 -----
Turn 1
INVASION
Change Fire to Jammer, Deal 70% damage
----- Turn 2 -----
Turn 2
SPEED UP
Increase damage to 200% for the next 999 turns

stage 5

764 - CRAB @ level 10

This monster will only use basic attacks (or computing enemy skills failed)
762 - OCTOPUS @ level 10

This monster will only use basic attacks (or computing enemy skills failed)
766 - SQUID @ level 10

This monster will only use basic attacks (or computing enemy skills failed)
stage 6

762 - OCTOPUS @ level 10

This monster will only use basic attacks (or computing enemy skills failed)
764 - CRAB @ level 10

This monster will only use basic attacks (or computing enemy skills failed)
766 - SQUID @ level 10

This monster will only use basic attacks (or computing enemy skills failed)
stage 7

762 - OCTOPUS @ level 10

This monster will only use basic attacks (or computing enemy skills failed)
764 - CRAB @ level 10

This monster will only use basic attacks (or computing enemy skills failed)
766 - SQUID @ level 10

This monster will only use basic attacks (or computing enemy skills failed)
stage 8

765 - CRAB Ver.2 @ level 10

----- Turn 1 -----
Turn 1
INVASION
Change Wood to Jammer, Deal 70% damage
----- Turn 2 -----
Turn 2
SPEED UP
Increase damage to 200% for the next 999 turns

763 - OCTOPUS Ver.2 @ level 10

----- Turn 1 -----
Turn 1
INVASION
Change Water to Jammer, Deal 70% damage
----- Turn 2 -----
Turn 2
SPEED UP
Increase damage to 200% for the next 999 turns

767 - SQUID Ver.2 @ level 10

----- Turn 1 -----
Turn 1
INVASION
Change Fire to Jammer, Deal 70% damage
----- Turn 2 -----
Turn 2
SPEED UP
Increase damage to 200% for the next 999 turns

stage 9

771 - UFO Ver.2 @ level 10

----- HP <= 100 -----
HP <= 100
55CHAIN
Deal 100% damage

GROOVE COASTER Collab - Starlight Path-Expert

stage 0

762 - OCTOPUS @ level 1

This monster will only use basic attacks (or computing enemy skills failed)
764 - CRAB @ level 1

This monster will only use basic attacks (or computing enemy skills failed)
766 - SQUID @ level 1

This monster will only use basic attacks (or computing enemy skills failed)
stage 1

762 - OCTOPUS @ level 1

This monster will only use basic attacks (or computing enemy skills failed)
766 - SQUID @ level 1

This monster will only use basic attacks (or computing enemy skills failed)
764 - CRAB @ level 1

This monster will only use basic attacks (or computing enemy skills failed)
stage 2

762 - OCTOPUS @ level 1

This monster will only use basic attacks (or computing enemy skills failed)
764 - CRAB @ level 1

This monster will only use basic attacks (or computing enemy skills failed)
766 - SQUID @ level 1

This monster will only use basic attacks (or computing enemy skills failed)
stage 3

762 - OCTOPUS @ level 1

This monster will only use basic attacks (or computing enemy skills failed)
764 - CRAB @ level 1

This monster will only use basic attacks (or computing enemy skills failed)
766 - SQUID @ level 1

This monster will only use basic attacks (or computing enemy skills failed)
stage 4

770 - UFO @ level 1

This monster will only use basic attacks (or computing enemy skills failed)
stage 0

762 - OCTOPUS @ level 2

This monster will only use basic attacks (or computing enemy skills failed)
764 - CRAB @ level 2

This monster will only use basic attacks (or computing enemy skills failed)
766 - SQUID @ level 2

This monster will only use basic attacks (or computing enemy skills failed)
stage 1

762 - OCTOPUS @ level 2

This monster will only use basic attacks (or computing enemy skills failed)
764 - CRAB @ level 2

This monster will only use basic attacks (or computing enemy skills failed)
766 - SQUID @ level 2

This monster will only use basic attacks (or computing enemy skills failed)
stage 2

762 - OCTOPUS @ level 2

This monster will only use basic attacks (or computing enemy skills failed)
764 - CRAB @ level 2

This monster will only use basic attacks (or computing enemy skills failed)
766 - SQUID @ level 2

This monster will only use basic attacks (or computing enemy skills failed)
stage 3

762 - OCTOPUS @ level 2

This monster will only use basic attacks (or computing enemy skills failed)
764 - CRAB @ level 2

This monster will only use basic attacks (or computing enemy skills failed)
766 - SQUID @ level 2

This monster will only use basic attacks (or computing enemy skills failed)
stage 4

763 - OCTOPUS Ver.2 @ level 2

This monster will only use basic attacks (or missing data for level 2)
stage 5

762 - OCTOPUS @ level 2

This monster will only use basic attacks (or computing enemy skills failed)
764 - CRAB @ level 2

This monster will only use basic attacks (or computing enemy skills failed)
766 - SQUID @ level 2

This monster will only use basic attacks (or computing enemy skills failed)
stage 6

770 - UFO @ level 4

This monster will only use basic attacks (or computing enemy skills failed)
stage 0

762 - OCTOPUS @ level 7

This monster will only use basic attacks (or computing enemy skills failed)
764 - CRAB @ level 7

This monster will only use basic attacks (or computing enemy skills failed)
766 - SQUID @ level 7

This monster will only use basic attacks (or computing enemy skills failed)
stage 1

762 - OCTOPUS @ level 7

This monster will only use basic attacks (or computing enemy skills failed)
764 - CRAB @ level 7

This monster will only use basic attacks (or computing enemy skills failed)
766 - SQUID @ level 7

This monster will only use basic attacks (or computing enemy skills failed)
stage 2

762 - OCTOPUS @ level 7

This monster will only use basic attacks (or computing enemy skills failed)
764 - CRAB @ level 7

This monster will only use basic attacks (or computing enemy skills failed)
766 - SQUID @ level 7

This monster will only use basic attacks (or computing enemy skills failed)
stage 3

762 - OCTOPUS @ level 7

This monster will only use basic attacks (or computing enemy skills failed)
764 - CRAB @ level 7

This monster will only use basic attacks (or computing enemy skills failed)
766 - SQUID @ level 7

This monster will only use basic attacks (or computing enemy skills failed)
stage 4

763 - OCTOPUS Ver.2 @ level 7

----- Turn 1 -----
Turn 1
INVASION
Change Water to Jammer, Deal 70% damage
----- Turn 2 -----
Turn 2
SPEED UP
Increase damage to 200% for the next 999 turns

765 - CRAB Ver.2 @ level 7

----- Turn 1 -----
Turn 1
INVASION
Change Wood to Jammer, Deal 70% damage
----- Turn 2 -----
Turn 2
SPEED UP
Increase damage to 200% for the next 999 turns

767 - SQUID Ver.2 @ level 7

----- Turn 1 -----
Turn 1
INVASION
Change Fire to Jammer, Deal 70% damage
----- Turn 2 -----
Turn 2
SPEED UP
Increase damage to 200% for the next 999 turns

stage 5

766 - SQUID @ level 7

This monster will only use basic attacks (or computing enemy skills failed)
762 - OCTOPUS @ level 7

This monster will only use basic attacks (or computing enemy skills failed)
764 - CRAB @ level 7

This monster will only use basic attacks (or computing enemy skills failed)
stage 6

762 - OCTOPUS @ level 7

This monster will only use basic attacks (or computing enemy skills failed)
764 - CRAB @ level 7

This monster will only use basic attacks (or computing enemy skills failed)
766 - SQUID @ level 7

This monster will only use basic attacks (or computing enemy skills failed)
stage 7

762 - OCTOPUS @ level 7

This monster will only use basic attacks (or computing enemy skills failed)
764 - CRAB @ level 7

This monster will only use basic attacks (or computing enemy skills failed)
766 - SQUID @ level 7

This monster will only use basic attacks (or computing enemy skills failed)
stage 8

763 - OCTOPUS Ver.2 @ level 7

----- Turn 1 -----
Turn 1
INVASION
Change Water to Jammer, Deal 70% damage
----- Turn 2 -----
Turn 2
SPEED UP
Increase damage to 200% for the next 999 turns

765 - CRAB Ver.2 @ level 7

----- Turn 1 -----
Turn 1
INVASION
Change Wood to Jammer, Deal 70% damage
----- Turn 2 -----
Turn 2
SPEED UP
Increase damage to 200% for the next 999 turns

767 - SQUID Ver.2 @ level 7

----- Turn 1 -----
Turn 1
INVASION
Change Fire to Jammer, Deal 70% damage
----- Turn 2 -----
Turn 2
SPEED UP
Increase damage to 200% for the next 999 turns

stage 9

771 - UFO Ver.2 @ level 7

----- HP <= 100 -----
HP <= 100
55CHAIN
Deal 100% damage

stage 0

762 - OCTOPUS @ level 10

This monster will only use basic attacks (or computing enemy skills failed)
764 - CRAB @ level 10

This monster will only use basic attacks (or computing enemy skills failed)
766 - SQUID @ level 10

This monster will only use basic attacks (or computing enemy skills failed)
stage 1

762 - OCTOPUS @ level 10

This monster will only use basic attacks (or computing enemy skills failed)
764 - CRAB @ level 10

This monster will only use basic attacks (or computing enemy skills failed)
766 - SQUID @ level 10

This monster will only use basic attacks (or computing enemy skills failed)
stage 2

762 - OCTOPUS @ level 10

This monster will only use basic attacks (or computing enemy skills failed)
764 - CRAB @ level 10

This monster will only use basic attacks (or computing enemy skills failed)
766 - SQUID @ level 10

This monster will only use basic attacks (or computing enemy skills failed)
stage 3

762 - OCTOPUS @ level 10

This monster will only use basic attacks (or computing enemy skills failed)
764 - CRAB @ level 10

This monster will only use basic attacks (or computing enemy skills failed)
766 - SQUID @ level 10

This monster will only use basic attacks (or computing enemy skills failed)
stage 4

763 - OCTOPUS Ver.2 @ level 10

----- Turn 1 -----
Turn 1
INVASION
Change Water to Jammer, Deal 70% damage
----- Turn 2 -----
Turn 2
SPEED UP
Increase damage to 200% for the next 999 turns

765 - CRAB Ver.2 @ level 10

----- Turn 1 -----
Turn 1
INVASION
Change Wood to Jammer, Deal 70% damage
----- Turn 2 -----
Turn 2
SPEED UP
Increase damage to 200% for the next 999 turns

767 - SQUID Ver.2 @ level 10

----- Turn 1 -----
Turn 1
INVASION
Change Fire to Jammer, Deal 70% damage
----- Turn 2 -----
Turn 2
SPEED UP
Increase damage to 200% for the next 999 turns

stage 5

764 - CRAB @ level 10

This monster will only use basic attacks (or computing enemy skills failed)
762 - OCTOPUS @ level 10

This monster will only use basic attacks (or computing enemy skills failed)
766 - SQUID @ level 10

This monster will only use basic attacks (or computing enemy skills failed)
stage 6

762 - OCTOPUS @ level 10

This monster will only use basic attacks (or computing enemy skills failed)
764 - CRAB @ level 10

This monster will only use basic attacks (or computing enemy skills failed)
766 - SQUID @ level 10

This monster will only use basic attacks (or computing enemy skills failed)
stage 7

762 - OCTOPUS @ level 10

This monster will only use basic attacks (or computing enemy skills failed)
764 - CRAB @ level 10

This monster will only use basic attacks (or computing enemy skills failed)
766 - SQUID @ level 10

This monster will only use basic attacks (or computing enemy skills failed)
stage 8

765 - CRAB Ver.2 @ level 10

----- Turn 1 -----
Turn 1
INVASION
Change Wood to Jammer, Deal 70% damage
----- Turn 2 -----
Turn 2
SPEED UP
Increase damage to 200% for the next 999 turns

763 - OCTOPUS Ver.2 @ level 10

----- Turn 1 -----
Turn 1
INVASION
Change Water to Jammer, Deal 70% damage
----- Turn 2 -----
Turn 2
SPEED UP
Increase damage to 200% for the next 999 turns

767 - SQUID Ver.2 @ level 10

----- Turn 1 -----
Turn 1
INVASION
Change Fire to Jammer, Deal 70% damage
----- Turn 2 -----
Turn 2
SPEED UP
Increase damage to 200% for the next 999 turns

stage 9

771 - UFO Ver.2 @ level 10

----- HP <= 100 -----
HP <= 100
55CHAIN
Deal 100% damage

GROOVE COASTER Collab - Starlight Path-Int

stage 0

762 - OCTOPUS @ level 1

This monster will only use basic attacks (or computing enemy skills failed)
764 - CRAB @ level 1

This monster will only use basic attacks (or computing enemy skills failed)
766 - SQUID @ level 1

This monster will only use basic attacks (or computing enemy skills failed)
stage 1

762 - OCTOPUS @ level 1

This monster will only use basic attacks (or computing enemy skills failed)
766 - SQUID @ level 1

This monster will only use basic attacks (or computing enemy skills failed)
764 - CRAB @ level 1

This monster will only use basic attacks (or computing enemy skills failed)
stage 2

762 - OCTOPUS @ level 1

This monster will only use basic attacks (or computing enemy skills failed)
764 - CRAB @ level 1

This monster will only use basic attacks (or computing enemy skills failed)
766 - SQUID @ level 1

This monster will only use basic attacks (or computing enemy skills failed)
stage 3

762 - OCTOPUS @ level 1

This monster will only use basic attacks (or computing enemy skills failed)
764 - CRAB @ level 1

This monster will only use basic attacks (or computing enemy skills failed)
766 - SQUID @ level 1

This monster will only use basic attacks (or computing enemy skills failed)
stage 4

770 - UFO @ level 1

This monster will only use basic attacks (or computing enemy skills failed)
stage 0

762 - OCTOPUS @ level 2

This monster will only use basic attacks (or computing enemy skills failed)
764 - CRAB @ level 2

This monster will only use basic attacks (or computing enemy skills failed)
766 - SQUID @ level 2

This monster will only use basic attacks (or computing enemy skills failed)
stage 1

762 - OCTOPUS @ level 2

This monster will only use basic attacks (or computing enemy skills failed)
764 - CRAB @ level 2

This monster will only use basic attacks (or computing enemy skills failed)
766 - SQUID @ level 2

This monster will only use basic attacks (or computing enemy skills failed)
stage 2

762 - OCTOPUS @ level 2

This monster will only use basic attacks (or computing enemy skills failed)
764 - CRAB @ level 2

This monster will only use basic attacks (or computing enemy skills failed)
766 - SQUID @ level 2

This monster will only use basic attacks (or computing enemy skills failed)
stage 3

762 - OCTOPUS @ level 2

This monster will only use basic attacks (or computing enemy skills failed)
764 - CRAB @ level 2

This monster will only use basic attacks (or computing enemy skills failed)
766 - SQUID @ level 2

This monster will only use basic attacks (or computing enemy skills failed)
stage 4

763 - OCTOPUS Ver.2 @ level 2

This monster will only use basic attacks (or missing data for level 2)
stage 5

762 - OCTOPUS @ level 2

This monster will only use basic attacks (or computing enemy skills failed)
764 - CRAB @ level 2

This monster will only use basic attacks (or computing enemy skills failed)
766 - SQUID @ level 2

This monster will only use basic attacks (or computing enemy skills failed)
stage 6

770 - UFO @ level 4

This monster will only use basic attacks (or computing enemy skills failed)
stage 0

762 - OCTOPUS @ level 7

This monster will only use basic attacks (or computing enemy skills failed)
764 - CRAB @ level 7

This monster will only use basic attacks (or computing enemy skills failed)
766 - SQUID @ level 7

This monster will only use basic attacks (or computing enemy skills failed)
stage 1

762 - OCTOPUS @ level 7

This monster will only use basic attacks (or computing enemy skills failed)
764 - CRAB @ level 7

This monster will only use basic attacks (or computing enemy skills failed)
766 - SQUID @ level 7

This monster will only use basic attacks (or computing enemy skills failed)
stage 2

762 - OCTOPUS @ level 7

This monster will only use basic attacks (or computing enemy skills failed)
764 - CRAB @ level 7

This monster will only use basic attacks (or computing enemy skills failed)
766 - SQUID @ level 7

This monster will only use basic attacks (or computing enemy skills failed)
stage 3

762 - OCTOPUS @ level 7

This monster will only use basic attacks (or computing enemy skills failed)
764 - CRAB @ level 7

This monster will only use basic attacks (or computing enemy skills failed)
766 - SQUID @ level 7

This monster will only use basic attacks (or computing enemy skills failed)
stage 4

763 - OCTOPUS Ver.2 @ level 7

----- Turn 1 -----
Turn 1
INVASION
Change Water to Jammer, Deal 70% damage
----- Turn 2 -----
Turn 2
SPEED UP
Increase damage to 200% for the next 999 turns

765 - CRAB Ver.2 @ level 7

----- Turn 1 -----
Turn 1
INVASION
Change Wood to Jammer, Deal 70% damage
----- Turn 2 -----
Turn 2
SPEED UP
Increase damage to 200% for the next 999 turns

767 - SQUID Ver.2 @ level 7

----- Turn 1 -----
Turn 1
INVASION
Change Fire to Jammer, Deal 70% damage
----- Turn 2 -----
Turn 2
SPEED UP
Increase damage to 200% for the next 999 turns

stage 5

766 - SQUID @ level 7

This monster will only use basic attacks (or computing enemy skills failed)
762 - OCTOPUS @ level 7

This monster will only use basic attacks (or computing enemy skills failed)
764 - CRAB @ level 7

This monster will only use basic attacks (or computing enemy skills failed)
stage 6

762 - OCTOPUS @ level 7

This monster will only use basic attacks (or computing enemy skills failed)
764 - CRAB @ level 7

This monster will only use basic attacks (or computing enemy skills failed)
766 - SQUID @ level 7

This monster will only use basic attacks (or computing enemy skills failed)
stage 7

762 - OCTOPUS @ level 7

This monster will only use basic attacks (or computing enemy skills failed)
764 - CRAB @ level 7

This monster will only use basic attacks (or computing enemy skills failed)
766 - SQUID @ level 7

This monster will only use basic attacks (or computing enemy skills failed)
stage 8

763 - OCTOPUS Ver.2 @ level 7

----- Turn 1 -----
Turn 1
INVASION
Change Water to Jammer, Deal 70% damage
----- Turn 2 -----
Turn 2
SPEED UP
Increase damage to 200% for the next 999 turns

765 - CRAB Ver.2 @ level 7

----- Turn 1 -----
Turn 1
INVASION
Change Wood to Jammer, Deal 70% damage
----- Turn 2 -----
Turn 2
SPEED UP
Increase damage to 200% for the next 999 turns

767 - SQUID Ver.2 @ level 7

----- Turn 1 -----
Turn 1
INVASION
Change Fire to Jammer, Deal 70% damage
----- Turn 2 -----
Turn 2
SPEED UP
Increase damage to 200% for the next 999 turns

stage 9

771 - UFO Ver.2 @ level 7

----- HP <= 100 -----
HP <= 100
55CHAIN
Deal 100% damage

stage 0

762 - OCTOPUS @ level 10

This monster will only use basic attacks (or computing enemy skills failed)
764 - CRAB @ level 10

This monster will only use basic attacks (or computing enemy skills failed)
766 - SQUID @ level 10

This monster will only use basic attacks (or computing enemy skills failed)
stage 1

762 - OCTOPUS @ level 10

This monster will only use basic attacks (or computing enemy skills failed)
764 - CRAB @ level 10

This monster will only use basic attacks (or computing enemy skills failed)
766 - SQUID @ level 10

This monster will only use basic attacks (or computing enemy skills failed)
stage 2

762 - OCTOPUS @ level 10

This monster will only use basic attacks (or computing enemy skills failed)
764 - CRAB @ level 10

This monster will only use basic attacks (or computing enemy skills failed)
766 - SQUID @ level 10

This monster will only use basic attacks (or computing enemy skills failed)
stage 3

762 - OCTOPUS @ level 10

This monster will only use basic attacks (or computing enemy skills failed)
764 - CRAB @ level 10

This monster will only use basic attacks (or computing enemy skills failed)
766 - SQUID @ level 10

This monster will only use basic attacks (or computing enemy skills failed)
stage 4

763 - OCTOPUS Ver.2 @ level 10

----- Turn 1 -----
Turn 1
INVASION
Change Water to Jammer, Deal 70% damage
----- Turn 2 -----
Turn 2
SPEED UP
Increase damage to 200% for the next 999 turns

765 - CRAB Ver.2 @ level 10

----- Turn 1 -----
Turn 1
INVASION
Change Wood to Jammer, Deal 70% damage
----- Turn 2 -----
Turn 2
SPEED UP
Increase damage to 200% for the next 999 turns

767 - SQUID Ver.2 @ level 10

----- Turn 1 -----
Turn 1
INVASION
Change Fire to Jammer, Deal 70% damage
----- Turn 2 -----
Turn 2
SPEED UP
Increase damage to 200% for the next 999 turns

stage 5

764 - CRAB @ level 10

This monster will only use basic attacks (or computing enemy skills failed)
762 - OCTOPUS @ level 10

This monster will only use basic attacks (or computing enemy skills failed)
766 - SQUID @ level 10

This monster will only use basic attacks (or computing enemy skills failed)
stage 6

762 - OCTOPUS @ level 10

This monster will only use basic attacks (or computing enemy skills failed)
764 - CRAB @ level 10

This monster will only use basic attacks (or computing enemy skills failed)
766 - SQUID @ level 10

This monster will only use basic attacks (or computing enemy skills failed)
stage 7

762 - OCTOPUS @ level 10

This monster will only use basic attacks (or computing enemy skills failed)
764 - CRAB @ level 10

This monster will only use basic attacks (or computing enemy skills failed)
766 - SQUID @ level 10

This monster will only use basic attacks (or computing enemy skills failed)
stage 8

765 - CRAB Ver.2 @ level 10

----- Turn 1 -----
Turn 1
INVASION
Change Wood to Jammer, Deal 70% damage
----- Turn 2 -----
Turn 2
SPEED UP
Increase damage to 200% for the next 999 turns

763 - OCTOPUS Ver.2 @ level 10

----- Turn 1 -----
Turn 1
INVASION
Change Water to Jammer, Deal 70% damage
----- Turn 2 -----
Turn 2
SPEED UP
Increase damage to 200% for the next 999 turns

767 - SQUID Ver.2 @ level 10

----- Turn 1 -----
Turn 1
INVASION
Change Fire to Jammer, Deal 70% damage
----- Turn 2 -----
Turn 2
SPEED UP
Increase damage to 200% for the next 999 turns

stage 9

771 - UFO Ver.2 @ level 10

----- HP <= 100 -----
HP <= 100
55CHAIN
Deal 100% damage

