3607 Nidhogg Descended!
1,0,100312,4
100312 - Alt. Blazing Ice Ogre @ level 4
Ogre Resolve
Survive attacks with 1 HP when HP > 50%
Strike
Deal 60% damage (2 hits, 30% each)
----- Turn 1 -----
Turn 1
Binding Move
Bind 1 random cards for 10 turns
----- HP <= 49 -----
HP <= 49
Flame Strike
Deal 150% damage


1,0,100313,4
100313 - Alt. Wood Ice Ogre @ level 4
Ogre Resolve
Survive attacks with 1 HP when HP > 50%
Dangerous Afro Cut
3x3 cloud appear for 3 turns at random location
----- Turn 1 -----
Turn 1
Binding Move
Bind 1 random cards for 10 turns
----- HP <= 49 -----
HP <= 49
Rock Strike
Deal 150% damage


1,1,1919,5
1919 - Rumbling Firedragon, Armored Tyrannos @ level 5
Gigantic Body + Black Missile
Absorb combo <= 6 damage for 999 turns + Poison skyfall +5% for 10 turns
----- HP <= 50 -----
HP <= 50
Jamming Missile
Movetime -1s for 10 turns, Deal 100% damage


1,2,100411,5
100411 - Alt. Cyberdragon Valhalla @ level 5
Devil Halved
Reduce damage from Devil by 50%
Sequenced Power Outage + Electrification
Blind orbs in specific positions for 1 turns + Lock all Fire, Water, Wood, Light, Dark, Heal, Jammer, Poison, Mortal Poison orbs
----- Turn 1 -----
Turn 1
Electric Charge
Lock 6 random Fire, Water, Wood, Light, Dark, Heal, Jammer, Poison, Mortal Poison orbs, Deal 100% damage
----- Turn 1 -----
Turn 1
Leakage
Movetime 50% for 5 turns
----- Turn 2 -----
Turn 2
Electric Charge
Lock 6 random Fire, Water, Wood, Light, Dark, Heal, Jammer, Poison, Mortal Poison orbs, Deal 100% damage
----- Turn 2 -----
Turn 2
Leakage
Movetime 50% for 5 turns
----- Turn 3 -----
Turn 3
Electric Charge
Lock 6 random Fire, Water, Wood, Light, Dark, Heal, Jammer, Poison, Mortal Poison orbs, Deal 100% damage
----- Turn 3 -----
Turn 3
Leakage
Movetime 50% for 5 turns
----- Turn 4 -----
Turn 4
Electric Charge
Lock 6 random Fire, Water, Wood, Light, Dark, Heal, Jammer, Poison, Mortal Poison orbs, Deal 100% damage
----- Turn 4 -----
Turn 4
Leakage
Movetime 50% for 5 turns
----- Turn 5 -----
Turn 5
Leakage
Movetime 50% for 5 turns
----- HP <= 100 -----
HP <= 100
God's Holy Breath
Deal 400% damage (4 hits, 100% each)


1,3,2393,5
2393 - Awoken Idunn & Idunna @ level 5
Resolve
Survive attacks with 1 HP when HP > 50%
Welcome! + Lovely Bomb
Voids status ailments for 999 turns + Spawn Bomb orbs in the specified positions
----- HP <= 49 -----
HP <= 49
Please replenish your strength + I'll give you an apple, too! + Ah, that's...
Player recover 100% hp + Do nothing + Change all orbs to Poison
----- HP <= 49 -----
HP <= 49
It's pitch black! + Lovely Bomb
Blind all orbs on the board + Spawn Bomb orbs in the specified positions
----- HP <= 14 -----
HP <= 14
Yah! + Toh!
Enemy action + Enemy action
----- HP <= 0 -----
HP <= 0
That hurts! + I won't forgive you!
Enemy recover 50% hp + Bind awoken skills for 1 turns
----- HP <= 0 -----
HP <= 0
That hurts! + I'll give you something first-rate!
Enemy recover 50% hp + Change all orbs to Mortal Poison


1,4,4652,5
4652 - Malice Dracosnake of the Blazehorns, Nidhogg @ level 5
It spread its wings wide
Enemy turn counter change to 1 when HP <= 50%
Heat Armor + Form Collapse
Void damage >= 40000000 for 99 turns + Delay active skills by 7 turns
----- HP <= 100 -----
HP <= 100
Breath of Decay + Liberation from Freedom
Change all orbs to Jammer + Bind 3 random for 2 turns
Breath of Decay + Abundant Maliciousness
Change all orbs to Jammer + Change 3rd row to Poison orbs
Breath of Decay + Corrosive Dust
Change all orbs to Jammer + Jammer skyfall +20% for 1 turns
Breath of Decay + Gnaw Away
Change all orbs to Jammer + Enemy action
----- HP <= 49 -----
HP <= 49
Blazing Dragon Scales + Flames are gathering in the mouth
Voids status ailments for 999 turns + Reduce damage from all sources by 75% for 1 turns
----- HP <= 49 -----
HP <= 49
Its flames changed + Scorching Firelands
Change own attribute to Fire + Change all orbs to Fire
----- HP <= 49 -----
HP <= 49
Lamplight of the Echoing Sphere
Movetime -3s for 1 turns, Deal 100% damage
----- HP <= 49 -----
HP <= 49
Enshrouding Miasma
3x3 cloud appear for 1 turns at random location, Deal 108% damage
Rotting Desire
Spawn random 8 Jammer orbs, Deal 108% damage
----- HP <= 4 -----
HP <= 4
Spiral Flames + Devastating Flames
Change own attribute to random one of Dark, Fire + Enemy action


2,0,100312,6
100312 - Alt. Blazing Ice Ogre @ level 6
Ogre Resolve
Survive attacks with 1 HP when HP > 50%
Strike
Deal 60% damage (2 hits, 30% each)
----- Turn 1 -----
Turn 1
Binding Move
Bind 1 random cards for 10 turns
----- HP <= 49 -----
HP <= 49
Flame Strike
Deal 150% damage


2,0,100313,6
100313 - Alt. Wood Ice Ogre @ level 6
Ogre Resolve
Survive attacks with 1 HP when HP > 50%
Dangerous Afro Cut
3x3 cloud appear for 3 turns at random location
----- Turn 1 -----
Turn 1
Binding Move
Bind 1 random cards for 10 turns
----- HP <= 49 -----
HP <= 49
Rock Strike
Deal 150% damage


2,1,1919,8
1919 - Rumbling Firedragon, Armored Tyrannos @ level 8
Gigantic Body + Black Missile
Absorb combo <= 6 damage for 999 turns + Poison skyfall +5% for 10 turns
----- HP <= 50 -----
HP <= 50
Jamming Missile
Movetime -1s for 10 turns, Deal 100% damage


2,2,100411,8
100411 - Alt. Cyberdragon Valhalla @ level 8
Devil Halved
Reduce damage from Devil by 50%
Sequenced Power Outage + Electrification
Blind orbs in specific positions for 1 turns + Lock all Fire, Water, Wood, Light, Dark, Heal, Jammer, Poison, Mortal Poison orbs
----- Turn 1 -----
Turn 1
Electric Charge
Lock 6 random Fire, Water, Wood, Light, Dark, Heal, Jammer, Poison, Mortal Poison orbs, Deal 100% damage
----- Turn 1 -----
Turn 1
Leakage
Movetime 50% for 5 turns
----- Turn 2 -----
Turn 2
Electric Charge
Lock 6 random Fire, Water, Wood, Light, Dark, Heal, Jammer, Poison, Mortal Poison orbs, Deal 100% damage
----- Turn 2 -----
Turn 2
Leakage
Movetime 50% for 5 turns
----- Turn 3 -----
Turn 3
Electric Charge
Lock 6 random Fire, Water, Wood, Light, Dark, Heal, Jammer, Poison, Mortal Poison orbs, Deal 100% damage
----- Turn 3 -----
Turn 3
Leakage
Movetime 50% for 5 turns
----- Turn 4 -----
Turn 4
Electric Charge
Lock 6 random Fire, Water, Wood, Light, Dark, Heal, Jammer, Poison, Mortal Poison orbs, Deal 100% damage
----- Turn 4 -----
Turn 4
Leakage
Movetime 50% for 5 turns
----- Turn 5 -----
Turn 5
Leakage
Movetime 50% for 5 turns
----- HP <= 100 -----
HP <= 100
God's Holy Breath
Deal 400% damage (4 hits, 100% each)


2,3,2393,8
2393 - Awoken Idunn & Idunna @ level 8
Resolve
Survive attacks with 1 HP when HP > 50%
Welcome! + Lovely Bomb
Voids status ailments for 999 turns + Spawn Bomb orbs in the specified positions
----- HP <= 49 -----
HP <= 49
Please replenish your strength + I'll give you an apple, too! + Ah, that's...
Player recover 100% hp + Do nothing + Change all orbs to Poison
----- HP <= 49 -----
HP <= 49
It's pitch black! + Lovely Bomb
Blind all orbs on the board + Spawn Bomb orbs in the specified positions
----- HP <= 14 -----
HP <= 14
Yah! + Toh!
Enemy action + Enemy action
----- HP <= 0 -----
HP <= 0
That hurts! + I won't forgive you!
Enemy recover 50% hp + Bind awoken skills for 1 turns
----- HP <= 0 -----
HP <= 0
That hurts! + I'll give you something first-rate!
Enemy recover 50% hp + Change all orbs to Mortal Poison


2,4,4652,8
4652 - Malice Dracosnake of the Blazehorns, Nidhogg @ level 8
It spread its wings wide
Enemy turn counter change to 1 when HP <= 50%
Heat Armor + Form Collapse
Void damage >= 40000000 for 99 turns + Delay active skills by 7 turns
----- HP <= 100 -----
HP <= 100
Breath of Decay + Liberation from Freedom
Change all orbs to Jammer + Bind 3 random for 2 turns
Breath of Decay + Abundant Maliciousness
Change all orbs to Jammer + Change 3rd row to Poison orbs
Breath of Decay + Corrosive Dust
Change all orbs to Jammer + Jammer skyfall +20% for 1 turns
Breath of Decay + Gnaw Away
Change all orbs to Jammer + Enemy action
----- HP <= 49 -----
HP <= 49
Blazing Dragon Scales + Flames are gathering in the mouth
Voids status ailments for 999 turns + Reduce damage from all sources by 75% for 1 turns
----- HP <= 49 -----
HP <= 49
Its flames changed + Scorching Firelands
Change own attribute to Fire + Change all orbs to Fire
----- HP <= 49 -----
HP <= 49
Lamplight of the Echoing Sphere
Movetime -3s for 1 turns, Deal 100% damage
----- HP <= 49 -----
HP <= 49
Enshrouding Miasma
3x3 cloud appear for 1 turns at random location, Deal 108% damage
Rotting Desire
Spawn random 8 Jammer orbs, Deal 108% damage
----- HP <= 4 -----
HP <= 4
Spiral Flames + Devastating Flames
Change own attribute to random one of Dark, Fire + Enemy action


3,0,100312,8
100312 - Alt. Blazing Ice Ogre @ level 8
Ogre Resolve
Survive attacks with 1 HP when HP > 50%
Strike
Deal 60% damage (2 hits, 30% each)
----- Turn 1 -----
Turn 1
Binding Move
Bind 1 random cards for 10 turns
----- HP <= 49 -----
HP <= 49
Flame Strike
Deal 150% damage


3,0,100313,8
100313 - Alt. Wood Ice Ogre @ level 8
Ogre Resolve
Survive attacks with 1 HP when HP > 50%
Dangerous Afro Cut
3x3 cloud appear for 3 turns at random location
----- Turn 1 -----
Turn 1
Binding Move
Bind 1 random cards for 10 turns
----- HP <= 49 -----
HP <= 49
Rock Strike
Deal 150% damage


3,1,1919,10
1919 - Rumbling Firedragon, Armored Tyrannos @ level 10
Gigantic Body + Black Missile
Absorb combo <= 6 damage for 999 turns + Poison skyfall +5% for 10 turns
----- HP <= 50 -----
HP <= 50
Jamming Missile
Movetime -1s for 10 turns, Deal 100% damage


3,2,100411,10
100411 - Alt. Cyberdragon Valhalla @ level 10
Devil Halved
Reduce damage from Devil by 50%
Sequenced Power Outage + Electrification
Blind orbs in specific positions for 1 turns + Lock all Fire, Water, Wood, Light, Dark, Heal, Jammer, Poison, Mortal Poison orbs
----- Turn 1 -----
Turn 1
Electric Charge
Lock 6 random Fire, Water, Wood, Light, Dark, Heal, Jammer, Poison, Mortal Poison orbs, Deal 100% damage
----- Turn 1 -----
Turn 1
Leakage
Movetime 50% for 5 turns
----- Turn 2 -----
Turn 2
Electric Charge
Lock 6 random Fire, Water, Wood, Light, Dark, Heal, Jammer, Poison, Mortal Poison orbs, Deal 100% damage
----- Turn 2 -----
Turn 2
Leakage
Movetime 50% for 5 turns
----- Turn 3 -----
Turn 3
Electric Charge
Lock 6 random Fire, Water, Wood, Light, Dark, Heal, Jammer, Poison, Mortal Poison orbs, Deal 100% damage
----- Turn 3 -----
Turn 3
Leakage
Movetime 50% for 5 turns
----- Turn 4 -----
Turn 4
Electric Charge
Lock 6 random Fire, Water, Wood, Light, Dark, Heal, Jammer, Poison, Mortal Poison orbs, Deal 100% damage
----- Turn 4 -----
Turn 4
Leakage
Movetime 50% for 5 turns
----- Turn 5 -----
Turn 5
Leakage
Movetime 50% for 5 turns
----- HP <= 100 -----
HP <= 100
God's Holy Breath
Deal 400% damage (4 hits, 100% each)


3,3,2393,10
2393 - Awoken Idunn & Idunna @ level 10
Resolve
Survive attacks with 1 HP when HP > 50%
Welcome! + Lovely Bomb
Voids status ailments for 999 turns + Spawn Bomb orbs in the specified positions
----- HP <= 49 -----
HP <= 49
Please replenish your strength + I'll give you an apple, too! + Ah, that's...
Player recover 100% hp + Do nothing + Change all orbs to Poison
----- HP <= 49 -----
HP <= 49
It's pitch black! + Lovely Bomb
Blind all orbs on the board + Spawn Bomb orbs in the specified positions
----- HP <= 14 -----
HP <= 14
Yah! + Toh!
Enemy action + Enemy action
----- HP <= 0 -----
HP <= 0
That hurts! + I won't forgive you!
Enemy recover 50% hp + Bind awoken skills for 1 turns
----- HP <= 0 -----
HP <= 0
That hurts! + I'll give you something first-rate!
Enemy recover 50% hp + Change all orbs to Mortal Poison


3,4,4652,10
4652 - Malice Dracosnake of the Blazehorns, Nidhogg @ level 10
It spread its wings wide
Enemy turn counter change to 1 when HP <= 50%
Heat Armor + Form Collapse
Void damage >= 40000000 for 99 turns + Delay active skills by 7 turns
----- HP <= 100 -----
HP <= 100
Breath of Decay + Liberation from Freedom
Change all orbs to Jammer + Bind 3 random for 2 turns
Breath of Decay + Abundant Maliciousness
Change all orbs to Jammer + Change 3rd row to Poison orbs
Breath of Decay + Corrosive Dust
Change all orbs to Jammer + Jammer skyfall +20% for 1 turns
Breath of Decay + Gnaw Away
Change all orbs to Jammer + Enemy action
----- HP <= 49 -----
HP <= 49
Blazing Dragon Scales + Flames are gathering in the mouth
Voids status ailments for 999 turns + Reduce damage from all sources by 75% for 1 turns
----- HP <= 49 -----
HP <= 49
Its flames changed + Scorching Firelands
Change own attribute to Fire + Change all orbs to Fire
----- HP <= 49 -----
HP <= 49
Lamplight of the Echoing Sphere
Movetime -3s for 1 turns, Deal 100% damage
----- HP <= 49 -----
HP <= 49
Enshrouding Miasma
3x3 cloud appear for 1 turns at random location, Deal 108% damage
Rotting Desire
Spawn random 8 Jammer orbs, Deal 108% damage
----- HP <= 4 -----
HP <= 4
Spiral Flames + Devastating Flames
Change own attribute to random one of Dark, Fire + Enemy action


