Skill Leveling Dungeon Fate/stay night [HF] - ★6 Characters

stage 0

5012 - Shinji Matou @ level 1

This monster will only use basic attacks (or computing enemy skills failed)
stage 1

5016 - Servant, Rider @ level 1

This monster will only use basic attacks (or missing data for level 1)
stage 2

5011 - Illyasviel von Einzbern @ level 1

This monster will only use basic attacks (or computing enemy skills failed)
stage 3

5015 - Servant, Berserker @ level 1

This monster will only use basic attacks (or missing data for level 1)
stage 4

5017 - Servant, Caster @ level 1

This monster will only use basic attacks (or missing data for level 1)
stage 5

5014 - Servant, Lancer @ level 1

This monster will only use basic attacks (or missing data for level 1)
stage 6

5013 - Servant, Archer @ level 1

This monster will only use basic attacks (or computing enemy skills failed)
stage 0

5001 - Shirou Emiya @ level 1

This monster will only use basic attacks (or computing enemy skills failed)
stage 1

5007 - Rin Tohsaka @ level 1

This monster will only use basic attacks (or computing enemy skills failed)
stage 2

5009 - Gilgamesh (Fate/stay night [HF]) @ level 1

This monster will only use basic attacks (or computing enemy skills failed)
stage 3

5004 - Servant, Saber @ level 1

This monster will only use basic attacks (or computing enemy skills failed)
Skill Leveling Dungeon Fate/stay night [HF] - ★5 Characters

stage 0

5012 - Shinji Matou @ level 1

This monster will only use basic attacks (or computing enemy skills failed)
stage 1

5016 - Servant, Rider @ level 1

This monster will only use basic attacks (or missing data for level 1)
stage 2

5011 - Illyasviel von Einzbern @ level 1

This monster will only use basic attacks (or computing enemy skills failed)
stage 3

5015 - Servant, Berserker @ level 1

This monster will only use basic attacks (or missing data for level 1)
stage 4

5017 - Servant, Caster @ level 1

This monster will only use basic attacks (or missing data for level 1)
stage 5

5014 - Servant, Lancer @ level 1

This monster will only use basic attacks (or missing data for level 1)
stage 6

5013 - Servant, Archer @ level 1

This monster will only use basic attacks (or computing enemy skills failed)
stage 0

5001 - Shirou Emiya @ level 1

This monster will only use basic attacks (or computing enemy skills failed)
stage 1

5007 - Rin Tohsaka @ level 1

This monster will only use basic attacks (or computing enemy skills failed)
stage 2

5009 - Gilgamesh (Fate/stay night [HF]) @ level 1

This monster will only use basic attacks (or computing enemy skills failed)
stage 3

5004 - Servant, Saber @ level 1

This monster will only use basic attacks (or computing enemy skills failed)
