Takeminakata Descended!-No Wd/Dk - Sword Combat God-Mythical

stage 0

545 - Low Fire Ninja @ level 12

This monster will only use basic attacks (or computing enemy skills failed)
547 - Low Water Ninja @ level 12

This monster will only use basic attacks (or computing enemy skills failed)
549 - Low Wood Ninja @ level 12

This monster will only use basic attacks (or computing enemy skills failed)
551 - Low Light Ninja @ level 12

Quick as Lightning
Deal 50% damage

553 - Low Dark Ninja @ level 12

----- HP <= 100 -----
HP <= 100
Smoke Screen
Blind all orbs on the board

stage 1

422 - Kano, the Daughter of Nature @ level 3

Dance of Healing
Player recover 100% hp
----- HP <= 100 -----
HP <= 100
Happily Smiling
Do nothing
----- HP <= 99 -----
HP <= 99
Favorite Japanese Umbrella
Deal 200% damage (2 hits, 100% each)
Autumn Leave Dance
Change Random to Wood, Deal 175% damage
----- HP <= 99 -----
HP <= 99
How mean! Now I'm angry!
Increase damage to 1000% for the next 999 turns

stage 2

336 - Green Shining Divinegon @ level 3

----- HP <= 100 -----
HP <= 100
Preemptive
Deal 50% damage

stage 3

830 - Protection Demon of Dark, Jyaki @ level 3

...you shall not pass!
Blind all orbs on the board
----- Turn 1 -----
Turn 1
Chop Off
Deal 150% damage
----- Turn 3 -----
Turn 3
Lone Force
Increase damage to 300% for the next 999 turns
----- HP <= 100 -----
HP <= 100
Iron Fist of Anger
Deal 200% damage

828 - Protection Demon of Light, Shouki @ level 3

From this point...
Deal 50% damage
----- Turn 1 -----
Turn 1
Sucker Punch
Player -99% HP
----- Turn 3 -----
Turn 3
Lone Force
Increase damage to 300% for the next 999 turns
----- HP <= 100 -----
HP <= 100
Iron Fist of Anger
Deal 200% damage

stage 4

810 - War God of Metal, Takeminakata @ level 3

Divine Wind of Suwa
Voids status ailments for 999 turns
----- HP <= 100 -----
HP <= 100
Divine Wind of Suwa
Voids status ailments for 999 turns

stage 0

553 - Low Dark Ninja @ level 15

----- HP <= 100 -----
HP <= 100
Smoke Screen
Blind all orbs on the board

545 - Low Fire Ninja @ level 15

This monster will only use basic attacks (or computing enemy skills failed)
547 - Low Water Ninja @ level 15

This monster will only use basic attacks (or computing enemy skills failed)
549 - Low Wood Ninja @ level 15

This monster will only use basic attacks (or computing enemy skills failed)
551 - Low Light Ninja @ level 15

Quick as Lightning
Deal 50% damage

stage 1

422 - Kano, the Daughter of Nature @ level 5

Dance of Healing
Player recover 100% hp
----- HP <= 100 -----
HP <= 100
Happily Smiling
Do nothing
----- HP <= 99 -----
HP <= 99
Favorite Japanese Umbrella
Deal 200% damage (2 hits, 100% each)
Autumn Leave Dance
Change Random to Wood, Deal 175% damage
----- HP <= 99 -----
HP <= 99
How mean! Now I'm angry!
Increase damage to 1000% for the next 999 turns

stage 2

336 - Green Shining Divinegon @ level 5

----- HP <= 100 -----
HP <= 100
Preemptive
Deal 50% damage

stage 3

828 - Protection Demon of Light, Shouki @ level 5

From this point...
Deal 50% damage
----- Turn 1 -----
Turn 1
Sucker Punch
Player -99% HP
----- Turn 3 -----
Turn 3
Lone Force
Increase damage to 300% for the next 999 turns
----- HP <= 100 -----
HP <= 100
Iron Fist of Anger
Deal 200% damage

830 - Protection Demon of Dark, Jyaki @ level 5

...you shall not pass!
Blind all orbs on the board
----- Turn 1 -----
Turn 1
Chop Off
Deal 150% damage
----- Turn 3 -----
Turn 3
Lone Force
Increase damage to 300% for the next 999 turns
----- HP <= 100 -----
HP <= 100
Iron Fist of Anger
Deal 200% damage

stage 4

810 - War God of Metal, Takeminakata @ level 5

Divine Wind of Suwa
Voids status ailments for 999 turns
----- HP <= 100 -----
HP <= 100
Divine Wind of Suwa
Voids status ailments for 999 turns

Takeminakata Descended!-No Wd/Dk - Sword Combat God-Legend

stage 0

545 - Low Fire Ninja @ level 12

This monster will only use basic attacks (or computing enemy skills failed)
547 - Low Water Ninja @ level 12

This monster will only use basic attacks (or computing enemy skills failed)
549 - Low Wood Ninja @ level 12

This monster will only use basic attacks (or computing enemy skills failed)
551 - Low Light Ninja @ level 12

Quick as Lightning
Deal 50% damage

553 - Low Dark Ninja @ level 12

----- HP <= 100 -----
HP <= 100
Smoke Screen
Blind all orbs on the board

stage 1

422 - Kano, the Daughter of Nature @ level 3

Dance of Healing
Player recover 100% hp
----- HP <= 100 -----
HP <= 100
Happily Smiling
Do nothing
----- HP <= 99 -----
HP <= 99
Favorite Japanese Umbrella
Deal 200% damage (2 hits, 100% each)
Autumn Leave Dance
Change Random to Wood, Deal 175% damage
----- HP <= 99 -----
HP <= 99
How mean! Now I'm angry!
Increase damage to 1000% for the next 999 turns

stage 2

336 - Green Shining Divinegon @ level 3

----- HP <= 100 -----
HP <= 100
Preemptive
Deal 50% damage

stage 3

830 - Protection Demon of Dark, Jyaki @ level 3

...you shall not pass!
Blind all orbs on the board
----- Turn 1 -----
Turn 1
Chop Off
Deal 150% damage
----- Turn 3 -----
Turn 3
Lone Force
Increase damage to 300% for the next 999 turns
----- HP <= 100 -----
HP <= 100
Iron Fist of Anger
Deal 200% damage

828 - Protection Demon of Light, Shouki @ level 3

From this point...
Deal 50% damage
----- Turn 1 -----
Turn 1
Sucker Punch
Player -99% HP
----- Turn 3 -----
Turn 3
Lone Force
Increase damage to 300% for the next 999 turns
----- HP <= 100 -----
HP <= 100
Iron Fist of Anger
Deal 200% damage

stage 4

810 - War God of Metal, Takeminakata @ level 3

Divine Wind of Suwa
Voids status ailments for 999 turns
----- HP <= 100 -----
HP <= 100
Divine Wind of Suwa
Voids status ailments for 999 turns

stage 0

553 - Low Dark Ninja @ level 15

----- HP <= 100 -----
HP <= 100
Smoke Screen
Blind all orbs on the board

545 - Low Fire Ninja @ level 15

This monster will only use basic attacks (or computing enemy skills failed)
547 - Low Water Ninja @ level 15

This monster will only use basic attacks (or computing enemy skills failed)
549 - Low Wood Ninja @ level 15

This monster will only use basic attacks (or computing enemy skills failed)
551 - Low Light Ninja @ level 15

Quick as Lightning
Deal 50% damage

stage 1

422 - Kano, the Daughter of Nature @ level 5

Dance of Healing
Player recover 100% hp
----- HP <= 100 -----
HP <= 100
Happily Smiling
Do nothing
----- HP <= 99 -----
HP <= 99
Favorite Japanese Umbrella
Deal 200% damage (2 hits, 100% each)
Autumn Leave Dance
Change Random to Wood, Deal 175% damage
----- HP <= 99 -----
HP <= 99
How mean! Now I'm angry!
Increase damage to 1000% for the next 999 turns

stage 2

336 - Green Shining Divinegon @ level 5

----- HP <= 100 -----
HP <= 100
Preemptive
Deal 50% damage

stage 3

828 - Protection Demon of Light, Shouki @ level 5

From this point...
Deal 50% damage
----- Turn 1 -----
Turn 1
Sucker Punch
Player -99% HP
----- Turn 3 -----
Turn 3
Lone Force
Increase damage to 300% for the next 999 turns
----- HP <= 100 -----
HP <= 100
Iron Fist of Anger
Deal 200% damage

830 - Protection Demon of Dark, Jyaki @ level 5

...you shall not pass!
Blind all orbs on the board
----- Turn 1 -----
Turn 1
Chop Off
Deal 150% damage
----- Turn 3 -----
Turn 3
Lone Force
Increase damage to 300% for the next 999 turns
----- HP <= 100 -----
HP <= 100
Iron Fist of Anger
Deal 200% damage

stage 4

810 - War God of Metal, Takeminakata @ level 5

Divine Wind of Suwa
Voids status ailments for 999 turns
----- HP <= 100 -----
HP <= 100
Divine Wind of Suwa
Voids status ailments for 999 turns

