Liberty Geist Descended! - War Machine King-Legend Plus

stage 0

2195 - Flame Gear @ level 4

----- HP <= 100 -----
HP <= 100
Sleep Mode
Delay active skills by 1 turns
----- HP <= 99 -----
HP <= 99
Flame Pulse
Spawn random 3 Fire orbs, Deal 280% damage
----- HP <= 99 -----
HP <= 99
Activated
Increase damage to 200% for the next 999 turns

2197 - Wind Gear @ level 4

----- HP <= 100 -----
HP <= 100
Sleep Mode
Delay active skills by 1 turns
----- HP <= 99 -----
HP <= 99
Wind Pulse
Spawn random 3 Wood orbs, Deal 280% damage
----- HP <= 99 -----
HP <= 99
Activated
Increase damage to 200% for the next 999 turns

100080 - Alt. Ice Golem @ level 5

Ice Cascade
Water skyfall +15% for 20 turns
----- HP <= 100 -----
HP <= 100
Freezing Punch
Spawn random 1 Water orbs, Deal 400% damage

stage 1

2582 - Flame Keeper @ level 9

Heavy Raid
Player -80% HP
----- Turn 1 -----
Turn 1
Exhaust Hit
Blind all orbs on the board, Deal 90% damage
Warning
Delay active skills by 1 turns
----- HP <= 100 -----
HP <= 100
Exhaust Hit
Blind all orbs on the board, Deal 90% damage
Seven Smog
Spawn random 7 Poison orbs
Red Alert
Lock all Fire orbs, Deal 110% damage
----- HP <= 49 -----
HP <= 49
Capture Net
Bind 2 random subs for 3 turns
----- HP <= 30 -----
HP <= 30
Killing Code
Deal 300% damage (6 hits, 50% each)

stage 2

2647 - Metallic Star Dragon, Leo @ level 9

Heat Charge
Deal 70% damage
----- Turn 1 -----
Turn 1
Loud Roar
Delay active skills by 1 turns
----- HP <= 100 -----
HP <= 100
Blazing Claw
Change 5th column to Fire orbs, Deal 100% damage
Burning Fang
Player -70% HP
----- HP <= 49 -----
HP <= 49
Flame Lion's Roar
Fire skyfall +15% for 10 turns
----- HP <= 10 -----
HP <= 10
Leo's Crest - Meteor
Deal 600% damage

2649 - Metallic Star Dragon, Capricorn @ level 9

Stardust Step
Absorb combo <= 3 damage for 5 turns
----- HP <= 100 -----
HP <= 100
Green Vestige
Change 4th row to Wood orbs, Deal 110% damage
Floral Vestige
Change 3rd row to Fire, Water, Light, Dark orbs, Deal 100% damage
Trample Vestige
Change 5th row to Jammer orbs, Deal 90% damage
----- HP <= 49 -----
HP <= 49
Vine Cage of Wooden Horns
Bind 4 random subs for 1 turns
----- HP <= 10 -----
HP <= 10
Capricorn's Crest - Ray
Deal 300% damage (5 hits, 60% each)

stage 3

2128 - Dark Mech General, Hysferzen @ level 4

Invincible Body
Reduce damage from all sources by 50% for 5 turns
----- Turn 1 -----
Turn 1
Ignis Saw
Change Random to Fire, Deal 150% damage
----- Turn 2 -----
Turn 2
Destroy Arm
Bind 2 random subs for 5 turns, Deal 180% damage
----- HP <= 100 -----
HP <= 100
Desperia Ray
Change 3rd column to Mortal Poison orbs, 4th column to Poison orbs, Deal 500% damage

stage 4

2191 - Frost-Fanged CyberBeast, Alfecca @ level 5

Alfecca Resolve
Survive attacks with 1 HP when HP > 76%
Arctic Coating + Frozen Ground
Voids status ailments for 5 turns + Change all orbs to Water, Wood, Light, Dark
----- HP <= 100 -----
HP <= 100
Auto Sweeper
Change Jammer to Water, Deal 300% damage

stage 5

3014 - Liberty Geist @ level 5

Black Robot Transformation
Show message: This... is not... the end!|Limiters have been released
Heat Smoke + Started accumulating power in his fists
Jammer, Poison skyfall +15% for 5 turns + Reduce damage from all sources by 50% for 3 turns
----- HP <= 100 -----
HP <= 100
Black Robot Transformation
Show message: This... is not... the end!|Limiters have been released
3
Do nothing
----- HP <= 100 -----
HP <= 100
Black Robot Transformation
Show message: This... is not... the end!|Limiters have been released
2
Change all orbs to Jammer
----- HP <= 100 -----
HP <= 100
Black Robot Transformation
Show message: This... is not... the end!|Limiters have been released
1
Do nothing
----- HP <= 100 -----
HP <= 100
Black Robot Transformation
Show message: This... is not... the end!|Limiters have been released
Burning Destruction Fist
Change all orbs to Fire, Deal 1000% damage

stage 6

3015 - War Machine King, Liberty Geist @ level 5

Halves Light-Dark
Reduce damage from Light, Dark by 50%
Burning Flame + Power Claw
Absorb combo <= 5 damage for 99 turns + Lock all Fire, Wood orbs
----- HP <= 15 -----
HP <= 15
Explosive Skewer
Lock all Fire, Water, Wood, Light, Dark, Heal, Jammer, Poison, Mortal Poison orbs, Deal 750% damage
----- HP <= 30 -----
HP <= 30
Melting Claw
Deal 160% damage (4 hits, 40% each)
Destroying Claw
Spawn random 4 Jammer, Poison orbs, Deal 110% damage
----- HP <= 30 -----
HP <= 30
Destroying Claw
Spawn random 4 Jammer, Poison orbs, Deal 110% damage
----- HP <= 15 -----
HP <= 15
Explosive Skewer
Lock all Fire, Water, Wood, Light, Dark, Heal, Jammer, Poison, Mortal Poison orbs, Deal 750% damage

stage 0

2195 - Flame Gear @ level 5

----- HP <= 100 -----
HP <= 100
Sleep Mode
Delay active skills by 1 turns
----- HP <= 99 -----
HP <= 99
Flame Pulse
Spawn random 3 Fire orbs, Deal 280% damage
----- HP <= 99 -----
HP <= 99
Activated
Increase damage to 200% for the next 999 turns

2197 - Wind Gear @ level 5

----- HP <= 100 -----
HP <= 100
Sleep Mode
Delay active skills by 1 turns
----- HP <= 99 -----
HP <= 99
Wind Pulse
Spawn random 3 Wood orbs, Deal 280% damage
----- HP <= 99 -----
HP <= 99
Activated
Increase damage to 200% for the next 999 turns

100080 - Alt. Ice Golem @ level 10

Ice Cascade
Water skyfall +15% for 20 turns
----- HP <= 100 -----
HP <= 100
Freezing Punch
Spawn random 1 Water orbs, Deal 400% damage

stage 1

2582 - Flame Keeper @ level 13

Heavy Raid
Player -80% HP
----- Turn 1 -----
Turn 1
Exhaust Hit
Blind all orbs on the board, Deal 90% damage
Warning
Delay active skills by 1 turns
----- HP <= 100 -----
HP <= 100
Exhaust Hit
Blind all orbs on the board, Deal 90% damage
Seven Smog
Spawn random 7 Poison orbs
Red Alert
Lock all Fire orbs, Deal 110% damage
----- HP <= 49 -----
HP <= 49
Capture Net
Bind 2 random subs for 3 turns
----- HP <= 30 -----
HP <= 30
Killing Code
Deal 300% damage (6 hits, 50% each)

stage 2

2647 - Metallic Star Dragon, Leo @ level 12

Heat Charge
Deal 70% damage
----- Turn 1 -----
Turn 1
Loud Roar
Delay active skills by 1 turns
----- HP <= 100 -----
HP <= 100
Blazing Claw
Change 5th column to Fire orbs, Deal 100% damage
Burning Fang
Player -70% HP
----- HP <= 49 -----
HP <= 49
Flame Lion's Roar
Fire skyfall +15% for 10 turns
----- HP <= 10 -----
HP <= 10
Leo's Crest - Meteor
Deal 600% damage

2649 - Metallic Star Dragon, Capricorn @ level 12

Stardust Step
Absorb combo <= 3 damage for 5 turns
----- HP <= 100 -----
HP <= 100
Green Vestige
Change 4th row to Wood orbs, Deal 110% damage
Floral Vestige
Change 3rd row to Fire, Water, Light, Dark orbs, Deal 100% damage
Trample Vestige
Change 5th row to Jammer orbs, Deal 90% damage
----- HP <= 49 -----
HP <= 49
Vine Cage of Wooden Horns
Bind 4 random subs for 1 turns
----- HP <= 10 -----
HP <= 10
Capricorn's Crest - Ray
Deal 300% damage (5 hits, 60% each)

stage 3

2128 - Dark Mech General, Hysferzen @ level 7

Invincible Body
Reduce damage from all sources by 50% for 5 turns
----- Turn 1 -----
Turn 1
Ignis Saw
Change Random to Fire, Deal 150% damage
----- Turn 2 -----
Turn 2
Destroy Arm
Bind 2 random subs for 5 turns, Deal 180% damage
----- HP <= 100 -----
HP <= 100
Desperia Ray
Change 3rd column to Mortal Poison orbs, 4th column to Poison orbs, Deal 500% damage

stage 4

2191 - Frost-Fanged CyberBeast, Alfecca @ level 7

Alfecca Resolve
Survive attacks with 1 HP when HP > 76%
Arctic Coating + Frozen Ground
Voids status ailments for 5 turns + Change all orbs to Water, Wood, Light, Dark
----- HP <= 100 -----
HP <= 100
Auto Sweeper
Change Jammer to Water, Deal 300% damage

stage 5

3014 - Liberty Geist @ level 6

Black Robot Transformation
Show message: This... is not... the end!|Limiters have been released
Heat Smoke + Started accumulating power in his fists
Jammer, Poison skyfall +15% for 5 turns + Reduce damage from all sources by 50% for 3 turns
----- HP <= 100 -----
HP <= 100
Black Robot Transformation
Show message: This... is not... the end!|Limiters have been released
3
Do nothing
----- HP <= 100 -----
HP <= 100
Black Robot Transformation
Show message: This... is not... the end!|Limiters have been released
2
Change all orbs to Jammer
----- HP <= 100 -----
HP <= 100
Black Robot Transformation
Show message: This... is not... the end!|Limiters have been released
1
Do nothing
----- HP <= 100 -----
HP <= 100
Black Robot Transformation
Show message: This... is not... the end!|Limiters have been released
Burning Destruction Fist
Change all orbs to Fire, Deal 1000% damage

stage 6

3015 - War Machine King, Liberty Geist @ level 7

Halves Light-Dark
Reduce damage from Light, Dark by 50%
Burning Flame + Power Claw
Absorb combo <= 5 damage for 99 turns + Lock all Fire, Wood orbs
----- HP <= 15 -----
HP <= 15
Explosive Skewer
Lock all Fire, Water, Wood, Light, Dark, Heal, Jammer, Poison, Mortal Poison orbs, Deal 750% damage
----- HP <= 30 -----
HP <= 30
Melting Claw
Deal 160% damage (4 hits, 40% each)
Destroying Claw
Spawn random 4 Jammer, Poison orbs, Deal 110% damage
----- HP <= 30 -----
HP <= 30
Destroying Claw
Spawn random 4 Jammer, Poison orbs, Deal 110% damage
----- HP <= 15 -----
HP <= 15
Explosive Skewer
Lock all Fire, Water, Wood, Light, Dark, Heal, Jammer, Poison, Mortal Poison orbs, Deal 750% damage

Liberty Geist Descended! - War Machine King-Mythical

stage 0

2195 - Flame Gear @ level 4

----- HP <= 100 -----
HP <= 100
Sleep Mode
Delay active skills by 1 turns
----- HP <= 99 -----
HP <= 99
Flame Pulse
Spawn random 3 Fire orbs, Deal 280% damage
----- HP <= 99 -----
HP <= 99
Activated
Increase damage to 200% for the next 999 turns

2197 - Wind Gear @ level 4

----- HP <= 100 -----
HP <= 100
Sleep Mode
Delay active skills by 1 turns
----- HP <= 99 -----
HP <= 99
Wind Pulse
Spawn random 3 Wood orbs, Deal 280% damage
----- HP <= 99 -----
HP <= 99
Activated
Increase damage to 200% for the next 999 turns

100080 - Alt. Ice Golem @ level 5

Ice Cascade
Water skyfall +15% for 20 turns
----- HP <= 100 -----
HP <= 100
Freezing Punch
Spawn random 1 Water orbs, Deal 400% damage

stage 1

2582 - Flame Keeper @ level 9

Heavy Raid
Player -80% HP
----- Turn 1 -----
Turn 1
Exhaust Hit
Blind all orbs on the board, Deal 90% damage
Warning
Delay active skills by 1 turns
----- HP <= 100 -----
HP <= 100
Exhaust Hit
Blind all orbs on the board, Deal 90% damage
Seven Smog
Spawn random 7 Poison orbs
Red Alert
Lock all Fire orbs, Deal 110% damage
----- HP <= 49 -----
HP <= 49
Capture Net
Bind 2 random subs for 3 turns
----- HP <= 30 -----
HP <= 30
Killing Code
Deal 300% damage (6 hits, 50% each)

stage 2

2647 - Metallic Star Dragon, Leo @ level 9

Heat Charge
Deal 70% damage
----- Turn 1 -----
Turn 1
Loud Roar
Delay active skills by 1 turns
----- HP <= 100 -----
HP <= 100
Blazing Claw
Change 5th column to Fire orbs, Deal 100% damage
Burning Fang
Player -70% HP
----- HP <= 49 -----
HP <= 49
Flame Lion's Roar
Fire skyfall +15% for 10 turns
----- HP <= 10 -----
HP <= 10
Leo's Crest - Meteor
Deal 600% damage

2649 - Metallic Star Dragon, Capricorn @ level 9

Stardust Step
Absorb combo <= 3 damage for 5 turns
----- HP <= 100 -----
HP <= 100
Green Vestige
Change 4th row to Wood orbs, Deal 110% damage
Floral Vestige
Change 3rd row to Fire, Water, Light, Dark orbs, Deal 100% damage
Trample Vestige
Change 5th row to Jammer orbs, Deal 90% damage
----- HP <= 49 -----
HP <= 49
Vine Cage of Wooden Horns
Bind 4 random subs for 1 turns
----- HP <= 10 -----
HP <= 10
Capricorn's Crest - Ray
Deal 300% damage (5 hits, 60% each)

stage 3

2128 - Dark Mech General, Hysferzen @ level 4

Invincible Body
Reduce damage from all sources by 50% for 5 turns
----- Turn 1 -----
Turn 1
Ignis Saw
Change Random to Fire, Deal 150% damage
----- Turn 2 -----
Turn 2
Destroy Arm
Bind 2 random subs for 5 turns, Deal 180% damage
----- HP <= 100 -----
HP <= 100
Desperia Ray
Change 3rd column to Mortal Poison orbs, 4th column to Poison orbs, Deal 500% damage

stage 4

2191 - Frost-Fanged CyberBeast, Alfecca @ level 5

Alfecca Resolve
Survive attacks with 1 HP when HP > 76%
Arctic Coating + Frozen Ground
Voids status ailments for 5 turns + Change all orbs to Water, Wood, Light, Dark
----- HP <= 100 -----
HP <= 100
Auto Sweeper
Change Jammer to Water, Deal 300% damage

stage 5

3014 - Liberty Geist @ level 5

Black Robot Transformation
Show message: This... is not... the end!|Limiters have been released
Heat Smoke + Started accumulating power in his fists
Jammer, Poison skyfall +15% for 5 turns + Reduce damage from all sources by 50% for 3 turns
----- HP <= 100 -----
HP <= 100
Black Robot Transformation
Show message: This... is not... the end!|Limiters have been released
3
Do nothing
----- HP <= 100 -----
HP <= 100
Black Robot Transformation
Show message: This... is not... the end!|Limiters have been released
2
Change all orbs to Jammer
----- HP <= 100 -----
HP <= 100
Black Robot Transformation
Show message: This... is not... the end!|Limiters have been released
1
Do nothing
----- HP <= 100 -----
HP <= 100
Black Robot Transformation
Show message: This... is not... the end!|Limiters have been released
Burning Destruction Fist
Change all orbs to Fire, Deal 1000% damage

stage 6

3015 - War Machine King, Liberty Geist @ level 5

Halves Light-Dark
Reduce damage from Light, Dark by 50%
Burning Flame + Power Claw
Absorb combo <= 5 damage for 99 turns + Lock all Fire, Wood orbs
----- HP <= 15 -----
HP <= 15
Explosive Skewer
Lock all Fire, Water, Wood, Light, Dark, Heal, Jammer, Poison, Mortal Poison orbs, Deal 750% damage
----- HP <= 30 -----
HP <= 30
Melting Claw
Deal 160% damage (4 hits, 40% each)
Destroying Claw
Spawn random 4 Jammer, Poison orbs, Deal 110% damage
----- HP <= 30 -----
HP <= 30
Destroying Claw
Spawn random 4 Jammer, Poison orbs, Deal 110% damage
----- HP <= 15 -----
HP <= 15
Explosive Skewer
Lock all Fire, Water, Wood, Light, Dark, Heal, Jammer, Poison, Mortal Poison orbs, Deal 750% damage

stage 0

2195 - Flame Gear @ level 5

----- HP <= 100 -----
HP <= 100
Sleep Mode
Delay active skills by 1 turns
----- HP <= 99 -----
HP <= 99
Flame Pulse
Spawn random 3 Fire orbs, Deal 280% damage
----- HP <= 99 -----
HP <= 99
Activated
Increase damage to 200% for the next 999 turns

2197 - Wind Gear @ level 5

----- HP <= 100 -----
HP <= 100
Sleep Mode
Delay active skills by 1 turns
----- HP <= 99 -----
HP <= 99
Wind Pulse
Spawn random 3 Wood orbs, Deal 280% damage
----- HP <= 99 -----
HP <= 99
Activated
Increase damage to 200% for the next 999 turns

100080 - Alt. Ice Golem @ level 10

Ice Cascade
Water skyfall +15% for 20 turns
----- HP <= 100 -----
HP <= 100
Freezing Punch
Spawn random 1 Water orbs, Deal 400% damage

stage 1

2582 - Flame Keeper @ level 13

Heavy Raid
Player -80% HP
----- Turn 1 -----
Turn 1
Exhaust Hit
Blind all orbs on the board, Deal 90% damage
Warning
Delay active skills by 1 turns
----- HP <= 100 -----
HP <= 100
Exhaust Hit
Blind all orbs on the board, Deal 90% damage
Seven Smog
Spawn random 7 Poison orbs
Red Alert
Lock all Fire orbs, Deal 110% damage
----- HP <= 49 -----
HP <= 49
Capture Net
Bind 2 random subs for 3 turns
----- HP <= 30 -----
HP <= 30
Killing Code
Deal 300% damage (6 hits, 50% each)

stage 2

2647 - Metallic Star Dragon, Leo @ level 12

Heat Charge
Deal 70% damage
----- Turn 1 -----
Turn 1
Loud Roar
Delay active skills by 1 turns
----- HP <= 100 -----
HP <= 100
Blazing Claw
Change 5th column to Fire orbs, Deal 100% damage
Burning Fang
Player -70% HP
----- HP <= 49 -----
HP <= 49
Flame Lion's Roar
Fire skyfall +15% for 10 turns
----- HP <= 10 -----
HP <= 10
Leo's Crest - Meteor
Deal 600% damage

2649 - Metallic Star Dragon, Capricorn @ level 12

Stardust Step
Absorb combo <= 3 damage for 5 turns
----- HP <= 100 -----
HP <= 100
Green Vestige
Change 4th row to Wood orbs, Deal 110% damage
Floral Vestige
Change 3rd row to Fire, Water, Light, Dark orbs, Deal 100% damage
Trample Vestige
Change 5th row to Jammer orbs, Deal 90% damage
----- HP <= 49 -----
HP <= 49
Vine Cage of Wooden Horns
Bind 4 random subs for 1 turns
----- HP <= 10 -----
HP <= 10
Capricorn's Crest - Ray
Deal 300% damage (5 hits, 60% each)

stage 3

2128 - Dark Mech General, Hysferzen @ level 7

Invincible Body
Reduce damage from all sources by 50% for 5 turns
----- Turn 1 -----
Turn 1
Ignis Saw
Change Random to Fire, Deal 150% damage
----- Turn 2 -----
Turn 2
Destroy Arm
Bind 2 random subs for 5 turns, Deal 180% damage
----- HP <= 100 -----
HP <= 100
Desperia Ray
Change 3rd column to Mortal Poison orbs, 4th column to Poison orbs, Deal 500% damage

stage 4

2191 - Frost-Fanged CyberBeast, Alfecca @ level 7

Alfecca Resolve
Survive attacks with 1 HP when HP > 76%
Arctic Coating + Frozen Ground
Voids status ailments for 5 turns + Change all orbs to Water, Wood, Light, Dark
----- HP <= 100 -----
HP <= 100
Auto Sweeper
Change Jammer to Water, Deal 300% damage

stage 5

3014 - Liberty Geist @ level 6

Black Robot Transformation
Show message: This... is not... the end!|Limiters have been released
Heat Smoke + Started accumulating power in his fists
Jammer, Poison skyfall +15% for 5 turns + Reduce damage from all sources by 50% for 3 turns
----- HP <= 100 -----
HP <= 100
Black Robot Transformation
Show message: This... is not... the end!|Limiters have been released
3
Do nothing
----- HP <= 100 -----
HP <= 100
Black Robot Transformation
Show message: This... is not... the end!|Limiters have been released
2
Change all orbs to Jammer
----- HP <= 100 -----
HP <= 100
Black Robot Transformation
Show message: This... is not... the end!|Limiters have been released
1
Do nothing
----- HP <= 100 -----
HP <= 100
Black Robot Transformation
Show message: This... is not... the end!|Limiters have been released
Burning Destruction Fist
Change all orbs to Fire, Deal 1000% damage

stage 6

3015 - War Machine King, Liberty Geist @ level 7

Halves Light-Dark
Reduce damage from Light, Dark by 50%
Burning Flame + Power Claw
Absorb combo <= 5 damage for 99 turns + Lock all Fire, Wood orbs
----- HP <= 15 -----
HP <= 15
Explosive Skewer
Lock all Fire, Water, Wood, Light, Dark, Heal, Jammer, Poison, Mortal Poison orbs, Deal 750% damage
----- HP <= 30 -----
HP <= 30
Melting Claw
Deal 160% damage (4 hits, 40% each)
Destroying Claw
Spawn random 4 Jammer, Poison orbs, Deal 110% damage
----- HP <= 30 -----
HP <= 30
Destroying Claw
Spawn random 4 Jammer, Poison orbs, Deal 110% damage
----- HP <= 15 -----
HP <= 15
Explosive Skewer
Lock all Fire, Water, Wood, Light, Dark, Heal, Jammer, Poison, Mortal Poison orbs, Deal 750% damage

