Gaia Descended!-God Enhanced - Creator Goddess-Legend

stage 0

154 - Dragon Flower @ level 5

Pollen Omen
Deal 10% damage
----- HP <= 100 -----
HP <= 100
Flower Beam
Deal 1500% damage (3 hits, 500% each)

779 - Kodama @ level 10

----- Turn 1 -----
Turn 1
Water Bind
Bind Water cards for 2~4 turns
----- HP <= 100 -----
HP <= 100
Ninja Art: Wt to Wd
Change Water to Wood

stage 1

583 - Treant @ level 2

This monster will only use basic attacks (or computing enemy skills failed)
584 - Wood Sage Treant @ level 2

This monster will only use basic attacks (or computing enemy skills failed)
stage 2

331 - Blue Wood Fafnir @ level 3

*Snores*
Do nothing
----- HP <= 100 -----
HP <= 100
Dragon Star
Deal 100% damage (2 hits, 50% each)

stage 3

789 - Cockatrice @ level 7

----- HP <= 100 -----
HP <= 100
Chirping
Do nothing

792 - Hominal Beast, Centaur @ level 7

Gale Thrust
Deal 60% damage
----- Turn 2 -----
Turn 2
Lone Force
Increase damage to 300% for the next 999 turns
----- HP <= 100 -----
HP <= 100
Rainfall Thrust
Deal 105%~140% damage (3~4 hits, 35% each)
----- HP <= 29 -----
HP <= 29
A little closer...
Deal 10% damage
----- HP <= 29 -----
HP <= 29
Critical Charge
Deal 200% damage

stage 4

392 - Fertility Deity, Holy Ceres @ level 3

----- Turn 1 -----
Turn 1
Signs of Blooming
Change Random to Heal, Deal 75% damage
----- HP <= 100 -----
HP <= 100
Flower World
Change Heal to Wood, Deal 150% damage
----- HP <= 49 -----
HP <= 49
Extinguishing Prayer
Bind Fire cards for 3~5 turns
----- HP <= 49 -----
HP <= 49
Shining Storm
Deal 160%~200% damage (4~5 hits, 40% each)

stage 5

1223 - Awoken Gaia @ level 3

Earth's Core
Absorb Fire damage for 5 turns
----- HP <= 29 -----
HP <= 29
Megalithic Seal
Bind 1 random for 2 turns, Deal 75% damage
----- HP <= 29 -----
HP <= 29
Ground Revenge
Deal 120% damage (3 hits, 40% each)

stage 0

779 - Kodama @ level 15

----- Turn 1 -----
Turn 1
Water Bind
Bind Water cards for 2~4 turns
----- HP <= 100 -----
HP <= 100
Ninja Art: Wt to Wd
Change Water to Wood

154 - Dragon Flower @ level 6

Pollen Omen
Deal 10% damage
----- HP <= 100 -----
HP <= 100
Flower Beam
Deal 1500% damage (3 hits, 500% each)

stage 1

584 - Wood Sage Treant @ level 4

This monster will only use basic attacks (or computing enemy skills failed)
583 - Treant @ level 4

This monster will only use basic attacks (or computing enemy skills failed)
stage 2

331 - Blue Wood Fafnir @ level 4

*Snores*
Do nothing
----- HP <= 100 -----
HP <= 100
Dragon Star
Deal 100% damage (2 hits, 50% each)

stage 3

789 - Cockatrice @ level 10

----- HP <= 100 -----
HP <= 100
Chirping
Do nothing

792 - Hominal Beast, Centaur @ level 10

Gale Thrust
Deal 60% damage
----- Turn 2 -----
Turn 2
Lone Force
Increase damage to 300% for the next 999 turns
----- HP <= 100 -----
HP <= 100
Rainfall Thrust
Deal 105%~140% damage (3~4 hits, 35% each)
----- HP <= 29 -----
HP <= 29
A little closer...
Deal 10% damage
----- HP <= 29 -----
HP <= 29
Critical Charge
Deal 200% damage

stage 4

392 - Fertility Deity, Holy Ceres @ level 4

----- Turn 1 -----
Turn 1
Signs of Blooming
Change Random to Heal, Deal 75% damage
----- HP <= 100 -----
HP <= 100
Flower World
Change Heal to Wood, Deal 150% damage
----- HP <= 49 -----
HP <= 49
Extinguishing Prayer
Bind Fire cards for 3~5 turns
----- HP <= 49 -----
HP <= 49
Shining Storm
Deal 160%~200% damage (4~5 hits, 40% each)

stage 5

1223 - Awoken Gaia @ level 4

Earth's Core
Absorb Fire damage for 5 turns
----- HP <= 29 -----
HP <= 29
Megalithic Seal
Bind 1 random for 2 turns, Deal 75% damage
----- HP <= 29 -----
HP <= 29
Ground Revenge
Deal 120% damage (3 hits, 40% each)

Gaia Descended!-God Enhanced - Creator Goddess-Master

stage 0

154 - Dragon Flower @ level 5

Pollen Omen
Deal 10% damage
----- HP <= 100 -----
HP <= 100
Flower Beam
Deal 1500% damage (3 hits, 500% each)

779 - Kodama @ level 10

----- Turn 1 -----
Turn 1
Water Bind
Bind Water cards for 2~4 turns
----- HP <= 100 -----
HP <= 100
Ninja Art: Wt to Wd
Change Water to Wood

stage 1

583 - Treant @ level 2

This monster will only use basic attacks (or computing enemy skills failed)
584 - Wood Sage Treant @ level 2

This monster will only use basic attacks (or computing enemy skills failed)
stage 2

331 - Blue Wood Fafnir @ level 3

*Snores*
Do nothing
----- HP <= 100 -----
HP <= 100
Dragon Star
Deal 100% damage (2 hits, 50% each)

stage 3

789 - Cockatrice @ level 7

----- HP <= 100 -----
HP <= 100
Chirping
Do nothing

792 - Hominal Beast, Centaur @ level 7

Gale Thrust
Deal 60% damage
----- Turn 2 -----
Turn 2
Lone Force
Increase damage to 300% for the next 999 turns
----- HP <= 100 -----
HP <= 100
Rainfall Thrust
Deal 105%~140% damage (3~4 hits, 35% each)
----- HP <= 29 -----
HP <= 29
A little closer...
Deal 10% damage
----- HP <= 29 -----
HP <= 29
Critical Charge
Deal 200% damage

stage 4

392 - Fertility Deity, Holy Ceres @ level 3

----- Turn 1 -----
Turn 1
Signs of Blooming
Change Random to Heal, Deal 75% damage
----- HP <= 100 -----
HP <= 100
Flower World
Change Heal to Wood, Deal 150% damage
----- HP <= 49 -----
HP <= 49
Extinguishing Prayer
Bind Fire cards for 3~5 turns
----- HP <= 49 -----
HP <= 49
Shining Storm
Deal 160%~200% damage (4~5 hits, 40% each)

stage 5

1223 - Awoken Gaia @ level 3

Earth's Core
Absorb Fire damage for 5 turns
----- HP <= 29 -----
HP <= 29
Megalithic Seal
Bind 1 random for 2 turns, Deal 75% damage
----- HP <= 29 -----
HP <= 29
Ground Revenge
Deal 120% damage (3 hits, 40% each)

stage 0

779 - Kodama @ level 15

----- Turn 1 -----
Turn 1
Water Bind
Bind Water cards for 2~4 turns
----- HP <= 100 -----
HP <= 100
Ninja Art: Wt to Wd
Change Water to Wood

154 - Dragon Flower @ level 6

Pollen Omen
Deal 10% damage
----- HP <= 100 -----
HP <= 100
Flower Beam
Deal 1500% damage (3 hits, 500% each)

stage 1

584 - Wood Sage Treant @ level 4

This monster will only use basic attacks (or computing enemy skills failed)
583 - Treant @ level 4

This monster will only use basic attacks (or computing enemy skills failed)
stage 2

331 - Blue Wood Fafnir @ level 4

*Snores*
Do nothing
----- HP <= 100 -----
HP <= 100
Dragon Star
Deal 100% damage (2 hits, 50% each)

stage 3

789 - Cockatrice @ level 10

----- HP <= 100 -----
HP <= 100
Chirping
Do nothing

792 - Hominal Beast, Centaur @ level 10

Gale Thrust
Deal 60% damage
----- Turn 2 -----
Turn 2
Lone Force
Increase damage to 300% for the next 999 turns
----- HP <= 100 -----
HP <= 100
Rainfall Thrust
Deal 105%~140% damage (3~4 hits, 35% each)
----- HP <= 29 -----
HP <= 29
A little closer...
Deal 10% damage
----- HP <= 29 -----
HP <= 29
Critical Charge
Deal 200% damage

stage 4

392 - Fertility Deity, Holy Ceres @ level 4

----- Turn 1 -----
Turn 1
Signs of Blooming
Change Random to Heal, Deal 75% damage
----- HP <= 100 -----
HP <= 100
Flower World
Change Heal to Wood, Deal 150% damage
----- HP <= 49 -----
HP <= 49
Extinguishing Prayer
Bind Fire cards for 3~5 turns
----- HP <= 49 -----
HP <= 49
Shining Storm
Deal 160%~200% damage (4~5 hits, 40% each)

stage 5

1223 - Awoken Gaia @ level 4

Earth's Core
Absorb Fire damage for 5 turns
----- HP <= 29 -----
HP <= 29
Megalithic Seal
Bind 1 random for 2 turns, Deal 75% damage
----- HP <= 29 -----
HP <= 29
Ground Revenge
Deal 120% damage (3 hits, 40% each)

