Extreme King Metal Dragon! - Revenge of the King Dragons

stage 0

254 - King Ruby Dragon @ level 2

This monster will only use basic attacks (or computing enemy skills failed)
260 - King Emerald Dragon @ level 2

This monster will only use basic attacks (or computing enemy skills failed)
stage 1

261 - Super King Metal Dragon @ level 1

This monster will only use basic attacks (or computing enemy skills failed)
619 - Super King Emerald Dragon @ level 1

----- HP <= 100 -----
HP <= 100
Multi-Chomp
Deal 100% damage (2 hits, 50% each)

stage 2

257 - King Sapphire Dragon @ level 2

This monster will only use basic attacks (or computing enemy skills failed)
178 - King Metal Dragon @ level 2

This monster will only use basic attacks (or computing enemy skills failed)
stage 3

617 - Super King Ruby Dragon @ level 1

----- HP <= 100 -----
HP <= 100
Multi-Chomp
Deal 100% damage (2 hits, 50% each)

618 - Super King Sapphire Dragon @ level 1

----- HP <= 100 -----
HP <= 100
Multi-Chomp
Deal 100% damage (2 hits, 50% each)

stage 4

1324 - Extreme King Metal Dragon @ level 5

He looks full
Do nothing

